Component: ARM Compiler 5.05 update 1 (build 106) Tool: armlink [4d0efa]

==============================================================================

Section Cross References

    main.o(i.main) refers to lcd.o(i.LCD_Init) for LCD_Init
    main.o(i.main) refers to keypad.o(i.Keypad_Init) for Keypad_Init
    main.o(i.main) refers to calc.o(i.Calc_Init) for Calc_Init
    main.o(i.main) refers to lcd.o(i.LCD_Clear) for LCD_Clear
    main.o(i.main) refers to lcd.o(i.LCD_SetCursor) for LCD_SetCursor
    main.o(i.main) refers to calc.o(i.Calc_GetLine0) for Calc_GetLine0
    main.o(i.main) refers to lcd.o(i.LCD_WriteString) for LCD_WriteString
    main.o(i.main) refers to calc.o(i.Calc_GetLine1) for Calc_GetLine1
    main.o(i.main) refers to keypad.o(i.Keypad_GetKey) for Keypad_GetKey
    main.o(i.main) refers to calc.o(i.Calc_ProcessKey) for Calc_ProcessKey
    lcd.o(i.DelayMs) refers to lcd.o(i.DelayUs) for DelayUs
    lcd.o(i.DelayUs) refers to lcd.o(i.DelayCycles) for DelayCycles
    lcd.o(i.LCD_Clear) refers to lcd.o(i.LCD_Command) for LCD_Command
    lcd.o(i.LCD_Command) refers to lcd.o(i.SendDisplayByte) for SendDisplayByte
    lcd.o(i.LCD_Command) refers to lcd.o(i.DelayMs) for DelayMs
    lcd.o(i.LCD_Init) refers to lcd.o(i.LCD_GPIO_Init) for LCD_GPIO_Init
    lcd.o(i.LCD_Init) refers to lcd.o(i.SysTick_Init_NoInt) for SysTick_Init_NoInt
    lcd.o(i.LCD_Init) refers to lcd.o(i.DelayMs) for DelayMs
    lcd.o(i.LCD_Init) refers to lcd.o(i.SendDisplayNibble) for SendDisplayNibble
    lcd.o(i.LCD_Init) refers to lcd.o(i.DelayUs) for DelayUs
    lcd.o(i.LCD_Init) refers to lcd.o(i.LCD_Command) for LCD_Command
    lcd.o(i.LCD_PulseEnable) refers to lcd.o(i.DelayUs) for DelayUs
    lcd.o(i.LCD_SetCursor) refers to lcd.o(i.LCD_Command) for LCD_Command
    lcd.o(i.LCD_SetCursor) refers to lcd.o(.constdata) for row_addr
    lcd.o(i.LCD_WriteChar) refers to lcd.o(i.SendDisplayByte) for SendDisplayByte
    lcd.o(i.LCD_WriteString) refers to lcd.o(i.LCD_WriteChar) for LCD_WriteChar
    lcd.o(i.SendDisplayByte) refers to lcd.o(i.SendDisplayNibble) for SendDisplayNibble
    lcd.o(i.SendDisplayByte) refers to lcd.o(i.DelayUs) for DelayUs
    lcd.o(i.SendDisplayNibble) refers to lcd.o(i.LCD_WriteNibbleToPortB) for LCD_WriteNibbleToPortB
    lcd.o(i.SendDisplayNibble) refers to lcd.o(i.LCD_PulseEnable) for LCD_PulseEnable
    keypad.o(i.Keypad_GetKey) refers to keypad.o(i.Keypad_ScanRaw) for Keypad_ScanRaw
    keypad.o(i.Keypad_GetKey) refers to keypad.o(.data) for lastRaw
    keypad.o(i.Keypad_ScanRaw) refers to keypad.o(i.DelayUs) for DelayUs
    keypad.o(i.Keypad_ScanRaw) refers to keypad.o(.constdata) for kKeyMap
    keypad.o(i.Keypad_WaitKey) refers to keypad.o(i.Keypad_GetKey) for Keypad_GetKey
    calc.o(i.CALC_AppendChar) refers to strlen.o(.text) for strlen
    calc.o(i.CALC_AppendChar) refers to strchr.o(.text) for strchr
    calc.o(i.CALC_AppendChar) refers to calc.o(.bss) for g_curr
    calc.o(i.CALC_ClearCurrent) refers to calc.o(.bss) for g_curr
    calc.o(i.CALC_DoBinary) refers to daddsub_clz.o(x$fpl$dadd) for __aeabi_dadd
    calc.o(i.CALC_DoBinary) refers to daddsub_clz.o(x$fpl$dsub) for __aeabi_dsub
    calc.o(i.CALC_DoBinary) refers to dmul.o(x$fpl$dmul) for __aeabi_dmul
    calc.o(i.CALC_DoBinary) refers to deqf.o(x$fpl$deqf) for __aeabi_cdcmpeq
    calc.o(i.CALC_DoBinary) refers to ddiv.o(x$fpl$ddiv) for __aeabi_ddiv
    calc.o(i.CALC_DoBinary) refers to calc.o(.data) for g_error
    calc.o(i.CALC_FormatNumber) refers to dleqf.o(x$fpl$dleqf) for __aeabi_cdcmple
    calc.o(i.CALC_FormatNumber) refers to basic.o(x$fpl$basic) for __aeabi_dneg
    calc.o(i.CALC_FormatNumber) refers to dfix.o(x$fpl$dfix) for __aeabi_d2iz
    calc.o(i.CALC_FormatNumber) refers to dflt_clz.o(x$fpl$dflt) for __aeabi_i2d
    calc.o(i.CALC_FormatNumber) refers to daddsub_clz.o(x$fpl$drsb) for __aeabi_drsub
    calc.o(i.CALC_FormatNumber) refers to dmul.o(x$fpl$dmul) for __aeabi_dmul
    calc.o(i.CALC_FormatNumber) refers to daddsub_clz.o(x$fpl$dadd) for __aeabi_dadd
    calc.o(i.CALC_HandleEndInput) refers to calc.o(i.CALC_ParseNumber) for CALC_ParseNumber
    calc.o(i.CALC_HandleEndInput) refers to calc.o(i.CALC_DoBinary) for CALC_DoBinary
    calc.o(i.CALC_HandleEndInput) refers to calc.o(.data) for g_state
    calc.o(i.CALC_HandleEndInput) refers to calc.o(.bss) for g_curr
    calc.o(i.CALC_HandleOperator) refers to calc.o(i.CALC_ParseNumber) for CALC_ParseNumber
    calc.o(i.CALC_HandleOperator) refers to calc.o(i.CALC_ClearCurrent) for CALC_ClearCurrent
    calc.o(i.CALC_HandleOperator) refers to calc.o(i.CALC_DoBinary) for CALC_DoBinary
    calc.o(i.CALC_HandleOperator) refers to calc.o(.data) for g_state
    calc.o(i.CALC_HandleOperator) refers to calc.o(.bss) for g_curr
    calc.o(i.CALC_ParseNumber) refers to rt_ctype_table.o(.text) for __rt_ctype_table
    calc.o(i.CALC_ParseNumber) refers to dflt_clz.o(x$fpl$dflt) for __aeabi_i2d
    calc.o(i.CALC_ParseNumber) refers to dmul.o(x$fpl$dmul) for __aeabi_dmul
    calc.o(i.CALC_ParseNumber) refers to daddsub_clz.o(x$fpl$dadd) for __aeabi_dadd
    calc.o(i.CALC_RebuildDisplay) refers to strncpy.o(.text) for strncpy
    calc.o(i.CALC_RebuildDisplay) refers to calc.o(i.CALC_FormatNumber) for CALC_FormatNumber
    calc.o(i.CALC_RebuildDisplay) refers to calc.o(.data) for g_error
    calc.o(i.CALC_RebuildDisplay) refers to calc.o(.bss) for g_line0
    calc.o(i.CALC_Rubout) refers to strlen.o(.text) for strlen
    calc.o(i.CALC_Rubout) refers to calc.o(.bss) for g_curr
    calc.o(i.Calc_GetLine0) refers to calc.o(.bss) for g_line0
    calc.o(i.Calc_GetLine1) refers to calc.o(.bss) for g_line1
    calc.o(i.Calc_Init) refers to strncpy.o(.text) for strncpy
    calc.o(i.Calc_Init) refers to calc.o(.data) for g_state
    calc.o(i.Calc_Init) refers to calc.o(.bss) for g_curr
    calc.o(i.Calc_ProcessKey) refers to calc.o(i.Calc_Init) for Calc_Init
    calc.o(i.Calc_ProcessKey) refers to calc.o(i.CALC_ClearCurrent) for CALC_ClearCurrent
    calc.o(i.Calc_ProcessKey) refers to calc.o(i.CALC_AppendChar) for CALC_AppendChar
    calc.o(i.Calc_ProcessKey) refers to calc.o(i.CALC_RebuildDisplay) for CALC_RebuildDisplay
    calc.o(i.Calc_ProcessKey) refers to calc.o(i.CALC_HandleOperator) for CALC_HandleOperator
    calc.o(i.Calc_ProcessKey) refers to calc.o(i.CALC_HandleEndInput) for CALC_HandleEndInput
    calc.o(i.Calc_ProcessKey) refers to calc.o(i.CALC_Rubout) for CALC_Rubout
    calc.o(i.Calc_ProcessKey) refers to calc.o(.data) for g_shift
    startup_tm4c123.o(STACK) refers (Special) to heapauxi.o(.text) for __use_two_region_memory
    startup_tm4c123.o(HEAP) refers (Special) to heapauxi.o(.text) for __use_two_region_memory
    startup_tm4c123.o(RESET) refers (Special) to heapauxi.o(.text) for __use_two_region_memory
    startup_tm4c123.o(RESET) refers to startup_tm4c123.o(STACK) for __initial_sp
    startup_tm4c123.o(RESET) refers to startup_tm4c123.o(.text) for Reset_Handler
    startup_tm4c123.o(.text) refers (Special) to heapauxi.o(.text) for __use_two_region_memory
    startup_tm4c123.o(.text) refers to system_tm4c123.o(i.SystemInit) for SystemInit
    startup_tm4c123.o(.text) refers to __main.o(!!!main) for __main
    startup_tm4c123.o(.text) refers to startup_tm4c123.o(HEAP) for Heap_Mem
    startup_tm4c123.o(.text) refers to startup_tm4c123.o(STACK) for Stack_Mem
    system_tm4c123.o(i.SystemCoreClockUpdate) refers to system_tm4c123.o(i.getOscClk) for getOscClk
    system_tm4c123.o(i.SystemCoreClockUpdate) refers to system_tm4c123.o(.data) for SystemCoreClock
    rt_ctype_table.o(.text) refers to rt_locale_intlibspace.o(.text) for __rt_locale
    rt_ctype_table.o(.text) refers to lc_ctype_c.o(locale$$code) for _get_lc_ctype
    strncpy.o(.text) refers to rt_memclr.o(.text) for __aeabi_memclr
    __main.o(!!!main) refers to __rtentry.o(.ARM.Collect$$rtentry$$00000000) for __rt_entry
    basic.o(x$fpl$basic) refers (Special) to usenofp.o(x$fpl$usenofp) for __I$use$fp
    daddsub_clz.o(x$fpl$dadd) refers (Special) to usenofp.o(x$fpl$usenofp) for __I$use$fp
    daddsub_clz.o(x$fpl$dadd) refers to daddsub_clz.o(x$fpl$dsub) for _dsub1
    daddsub_clz.o(x$fpl$dadd) refers to dretinf.o(x$fpl$dretinf) for __fpl_dretinf
    daddsub_clz.o(x$fpl$dadd) refers to dnaninf.o(x$fpl$dnaninf) for __fpl_dnaninf
    daddsub_clz.o(x$fpl$drsb) refers (Special) to usenofp.o(x$fpl$usenofp) for __I$use$fp
    daddsub_clz.o(x$fpl$drsb) refers to daddsub_clz.o(x$fpl$dadd) for _dadd1
    daddsub_clz.o(x$fpl$drsb) refers to daddsub_clz.o(x$fpl$dsub) for _dsub1
    daddsub_clz.o(x$fpl$dsub) refers (Special) to usenofp.o(x$fpl$usenofp) for __I$use$fp
    daddsub_clz.o(x$fpl$dsub) refers to daddsub_clz.o(x$fpl$dadd) for _dadd1
    daddsub_clz.o(x$fpl$dsub) refers to dnaninf.o(x$fpl$dnaninf) for __fpl_dnaninf
    ddiv.o(x$fpl$drdiv) refers (Special) to usenofp.o(x$fpl$usenofp) for __I$use$fp
    ddiv.o(x$fpl$drdiv) refers to ddiv.o(x$fpl$ddiv) for ddiv_entry
    ddiv.o(x$fpl$ddiv) refers (Special) to usenofp.o(x$fpl$usenofp) for __I$use$fp
    ddiv.o(x$fpl$ddiv) refers to dretinf.o(x$fpl$dretinf) for __fpl_dretinf
    ddiv.o(x$fpl$ddiv) refers to dnaninf.o(x$fpl$dnaninf) for __fpl_dnaninf
    deqf.o(x$fpl$deqf) refers (Special) to usenofp.o(x$fpl$usenofp) for __I$use$fp
    deqf.o(x$fpl$deqf) refers to dnaninf.o(x$fpl$dnaninf) for __fpl_dnaninf
    deqf.o(x$fpl$deqf) refers to dcmpi.o(x$fpl$dcmpinf) for __fpl_dcmp_Inf
    dfix.o(x$fpl$dfix) refers (Special) to usenofp.o(x$fpl$usenofp) for __I$use$fp
    dfix.o(x$fpl$dfix) refers to dnaninf.o(x$fpl$dnaninf) for __fpl_dnaninf
    dfix.o(x$fpl$dfixr) refers (Special) to usenofp.o(x$fpl$usenofp) for __I$use$fp
    dfix.o(x$fpl$dfixr) refers to dnaninf.o(x$fpl$dnaninf) for __fpl_dnaninf
    dflt_clz.o(x$fpl$dfltu) refers (Special) to usenofp.o(x$fpl$usenofp) for __I$use$fp
    dflt_clz.o(x$fpl$dflt) refers (Special) to usenofp.o(x$fpl$usenofp) for __I$use$fp
    dflt_clz.o(x$fpl$dfltn) refers (Special) to usenofp.o(x$fpl$usenofp) for __I$use$fp
    dleqf.o(x$fpl$dleqf) refers (Special) to usenofp.o(x$fpl$usenofp) for __I$use$fp
    dleqf.o(x$fpl$dleqf) refers to dnaninf.o(x$fpl$dnaninf) for __fpl_dnaninf
    dleqf.o(x$fpl$dleqf) refers to dcmpi.o(x$fpl$dcmpinf) for __fpl_dcmp_Inf
    dmul.o(x$fpl$dmul) refers (Special) to usenofp.o(x$fpl$usenofp) for __I$use$fp
    dmul.o(x$fpl$dmul) refers to dretinf.o(x$fpl$dretinf) for __fpl_dretinf
    dmul.o(x$fpl$dmul) refers to dnaninf.o(x$fpl$dnaninf) for __fpl_dnaninf
    __rtentry.o(.ARM.Collect$$rtentry$$00000000) refers (Special) to __rtentry2.o(.ARM.Collect$$rtentry$$0000000A) for __rt_entry_li
    __rtentry.o(.ARM.Collect$$rtentry$$00000000) refers (Special) to __rtentry2.o(.ARM.Collect$$rtentry$$0000000D) for __rt_entry_main
    __rtentry.o(.ARM.Collect$$rtentry$$00000000) refers (Special) to __rtentry2.o(.ARM.Collect$$rtentry$$0000000C) for __rt_entry_postli_1
    __rtentry.o(.ARM.Collect$$rtentry$$00000000) refers (Special) to __rtentry2.o(.ARM.Collect$$rtentry$$00000009) for __rt_entry_postsh_1
    __rtentry.o(.ARM.Collect$$rtentry$$00000000) refers (Special) to __rtentry2.o(.ARM.Collect$$rtentry$$00000002) for __rt_entry_presh_1
    __rtentry.o(.ARM.Collect$$rtentry$$00000000) refers (Special) to __rtentry4.o(.ARM.Collect$$rtentry$$00000004) for __rt_entry_sh
    rt_locale.o(.text) refers to rt_locale.o(.bss) for __rt_locale_data
    rt_locale_intlibspace.o(.text) refers to libspace.o(.bss) for __libspace_start
    lc_ctype_c.o(locale$$data) refers (Special) to libinit2.o(.ARM.Collect$$libinit$$00000012) for __rt_lib_init_lc_ctype_2
    lc_ctype_c.o(locale$$code) refers (Special) to libinit2.o(.ARM.Collect$$libinit$$00000012) for __rt_lib_init_lc_ctype_2
    lc_ctype_c.o(locale$$code) refers to strcmpv7m.o(.text) for strcmp
    lc_ctype_c.o(locale$$code) refers to lc_ctype_c.o(locale$$data) for __lcctype_c_name
    rt_memclr.o(.text) refers to rt_memclr_w.o(.text) for _memset_w
    dcmpi.o(x$fpl$dcmpinf) refers (Special) to usenofp.o(x$fpl$usenofp) for __I$use$fp
    dnaninf.o(x$fpl$dnaninf) refers (Special) to usenofp.o(x$fpl$usenofp) for __I$use$fp
    dretinf.o(x$fpl$dretinf) refers (Special) to usenofp.o(x$fpl$usenofp) for __I$use$fp
    libspace.o(.text) refers to libspace.o(.bss) for __libspace_start
    __rtentry2.o(.ARM.Collect$$rtentry$$00000008) refers to boardinit2.o(.text) for _platform_post_stackheap_init
    __rtentry2.o(.ARM.Collect$$rtentry$$0000000A) refers to libinit.o(.ARM.Collect$$libinit$$00000000) for __rt_lib_init
    __rtentry2.o(.ARM.Collect$$rtentry$$0000000B) refers to boardinit3.o(.text) for _platform_post_lib_init
    __rtentry2.o(.ARM.Collect$$rtentry$$0000000D) refers to main.o(i.main) for main
    __rtentry2.o(.ARM.Collect$$rtentry$$0000000D) refers to exit.o(.text) for exit
    __rtentry2.o(.ARM.exidx) refers to __rtentry2.o(.ARM.Collect$$rtentry$$00000001) for .ARM.Collect$$rtentry$$00000001
    __rtentry2.o(.ARM.exidx) refers to __rtentry2.o(.ARM.Collect$$rtentry$$00000008) for .ARM.Collect$$rtentry$$00000008
    __rtentry2.o(.ARM.exidx) refers to __rtentry2.o(.ARM.Collect$$rtentry$$0000000A) for .ARM.Collect$$rtentry$$0000000A
    __rtentry2.o(.ARM.exidx) refers to __rtentry2.o(.ARM.Collect$$rtentry$$0000000B) for .ARM.Collect$$rtentry$$0000000B
    __rtentry2.o(.ARM.exidx) refers to __rtentry2.o(.ARM.Collect$$rtentry$$0000000D) for .ARM.Collect$$rtentry$$0000000D
    __rtentry4.o(.ARM.Collect$$rtentry$$00000004) refers to sys_stackheap_outer.o(.text) for __user_setup_stackheap
    __rtentry4.o(.ARM.exidx) refers to __rtentry4.o(.ARM.Collect$$rtentry$$00000004) for .ARM.Collect$$rtentry$$00000004
    libinit2.o(.ARM.Collect$$libinit$$00000001) refers to fpinit.o(x$fpl$fpinit) for _fp_init
    libinit2.o(.ARM.Collect$$libinit$$0000000F) refers (Weak) to rt_locale_intlibspace.o(.text) for __rt_locale
    libinit2.o(.ARM.Collect$$libinit$$00000010) refers to libinit2.o(.ARM.Collect$$libinit$$0000000F) for .ARM.Collect$$libinit$$0000000F
    libinit2.o(.ARM.Collect$$libinit$$00000012) refers to libinit2.o(.ARM.Collect$$libinit$$0000000F) for .ARM.Collect$$libinit$$0000000F
    libinit2.o(.ARM.Collect$$libinit$$00000012) refers (Weak) to lc_ctype_c.o(locale$$code) for _get_lc_ctype
    libinit2.o(.ARM.Collect$$libinit$$00000014) refers to libinit2.o(.ARM.Collect$$libinit$$0000000F) for .ARM.Collect$$libinit$$0000000F
    libinit2.o(.ARM.Collect$$libinit$$00000016) refers to libinit2.o(.ARM.Collect$$libinit$$0000000F) for .ARM.Collect$$libinit$$0000000F
    libinit2.o(.ARM.Collect$$libinit$$00000018) refers to libinit2.o(.ARM.Collect$$libinit$$0000000F) for .ARM.Collect$$libinit$$0000000F
    libinit2.o(.ARM.Collect$$libinit$$00000026) refers to argv_veneer.o(.emb_text) for __ARM_argv_veneer
    libinit2.o(.ARM.Collect$$libinit$$00000027) refers to argv_veneer.o(.emb_text) for __ARM_argv_veneer
    sys_stackheap_outer.o(.text) refers to libspace.o(.text) for __user_perproc_libspace
    sys_stackheap_outer.o(.text) refers to startup_tm4c123.o(.text) for __user_initial_stackheap
    exit.o(.text) refers to rtexit.o(.ARM.Collect$$rtexit$$00000000) for __rt_exit
    argv_veneer.o(.emb_text) refers to no_argv.o(.text) for __ARM_get_argv
    libinit.o(.ARM.Collect$$libinit$$00000000) refers (Special) to libinit2.o(.ARM.Collect$$libinit$$0000002E) for __rt_lib_init_alloca_1
    libinit.o(.ARM.Collect$$libinit$$00000000) refers (Special) to libinit2.o(.ARM.Collect$$libinit$$0000002C) for __rt_lib_init_argv_1
    libinit.o(.ARM.Collect$$libinit$$00000000) refers (Special) to libinit2.o(.ARM.Collect$$libinit$$0000001B) for __rt_lib_init_atexit_1
    libinit.o(.ARM.Collect$$libinit$$00000000) refers (Special) to libinit2.o(.ARM.Collect$$libinit$$00000021) for __rt_lib_init_clock_1
    libinit.o(.ARM.Collect$$libinit$$00000000) refers (Special) to libinit2.o(.ARM.Collect$$libinit$$00000032) for __rt_lib_init_cpp_1
    libinit.o(.ARM.Collect$$libinit$$00000000) refers (Special) to libinit2.o(.ARM.Collect$$libinit$$00000030) for __rt_lib_init_exceptions_1
    libinit.o(.ARM.Collect$$libinit$$00000000) refers (Special) to libinit2.o(.ARM.Collect$$libinit$$00000001) for __rt_lib_init_fp_1
    libinit.o(.ARM.Collect$$libinit$$00000000) refers (Special) to libinit2.o(.ARM.Collect$$libinit$$0000001F) for __rt_lib_init_fp_trap_1
    libinit.o(.ARM.Collect$$libinit$$00000000) refers (Special) to libinit2.o(.ARM.Collect$$libinit$$00000023) for __rt_lib_init_getenv_1
    libinit.o(.ARM.Collect$$libinit$$00000000) refers (Special) to libinit2.o(.ARM.Collect$$libinit$$0000000A) for __rt_lib_init_heap_1
    libinit.o(.ARM.Collect$$libinit$$00000000) refers (Special) to libinit2.o(.ARM.Collect$$libinit$$00000011) for __rt_lib_init_lc_collate_1
    libinit.o(.ARM.Collect$$libinit$$00000000) refers (Special) to libinit2.o(.ARM.Collect$$libinit$$00000013) for __rt_lib_init_lc_ctype_1
    libinit.o(.ARM.Collect$$libinit$$00000000) refers (Special) to libinit2.o(.ARM.Collect$$libinit$$00000015) for __rt_lib_init_lc_monetary_1
    libinit.o(.ARM.Collect$$libinit$$00000000) refers (Special) to libinit2.o(.ARM.Collect$$libinit$$00000017) for __rt_lib_init_lc_numeric_1
    libinit.o(.ARM.Collect$$libinit$$00000000) refers (Special) to libinit2.o(.ARM.Collect$$libinit$$00000019) for __rt_lib_init_lc_time_1
    libinit.o(.ARM.Collect$$libinit$$00000000) refers (Special) to libinit2.o(.ARM.Collect$$libinit$$00000004) for __rt_lib_init_preinit_1
    libinit.o(.ARM.Collect$$libinit$$00000000) refers (Special) to libinit2.o(.ARM.Collect$$libinit$$0000000E) for __rt_lib_init_rand_1
    libinit.o(.ARM.Collect$$libinit$$00000000) refers (Special) to libinit2.o(.ARM.Collect$$libinit$$00000033) for __rt_lib_init_return
    libinit.o(.ARM.Collect$$libinit$$00000000) refers (Special) to libinit2.o(.ARM.Collect$$libinit$$0000001D) for __rt_lib_init_signal_1
    libinit.o(.ARM.Collect$$libinit$$00000000) refers (Special) to libinit2.o(.ARM.Collect$$libinit$$00000025) for __rt_lib_init_stdio_1
    libinit.o(.ARM.Collect$$libinit$$00000000) refers (Special) to libinit2.o(.ARM.Collect$$libinit$$0000000C) for __rt_lib_init_user_alloc_1
    rtexit.o(.ARM.Collect$$rtexit$$00000000) refers (Special) to rtexit2.o(.ARM.Collect$$rtexit$$00000004) for __rt_exit_exit
    rtexit.o(.ARM.Collect$$rtexit$$00000000) refers (Special) to rtexit2.o(.ARM.Collect$$rtexit$$00000003) for __rt_exit_ls
    rtexit.o(.ARM.Collect$$rtexit$$00000000) refers (Special) to rtexit2.o(.ARM.Collect$$rtexit$$00000002) for __rt_exit_prels_1
    rtexit.o(.ARM.exidx) refers (Special) to rtexit2.o(.ARM.Collect$$rtexit$$00000004) for __rt_exit_exit
    rtexit.o(.ARM.exidx) refers (Special) to rtexit2.o(.ARM.Collect$$rtexit$$00000003) for __rt_exit_ls
    rtexit.o(.ARM.exidx) refers (Special) to rtexit2.o(.ARM.Collect$$rtexit$$00000002) for __rt_exit_prels_1
    rtexit.o(.ARM.exidx) refers to rtexit.o(.ARM.Collect$$rtexit$$00000000) for .ARM.Collect$$rtexit$$00000000
    _get_argv_nomalloc.o(.text) refers (Special) to hrguard.o(.text) for __heap_region$guard
    _get_argv_nomalloc.o(.text) refers to defsig_rtmem_outer.o(.text) for __rt_SIGRTMEM
    _get_argv_nomalloc.o(.text) refers to sys_command.o(.text) for _sys_command_string
    sys_command.o(.text) refers (Special) to use_no_semi.o(.text) for __I$use$semihosting
    sys_command.o(.text) refers (Special) to indicate_semi.o(.text) for __semihosting_library_function
    rtexit2.o(.ARM.Collect$$rtexit$$00000003) refers to libshutdown.o(.ARM.Collect$$libshutdown$$00000000) for __rt_lib_shutdown
    rtexit2.o(.ARM.Collect$$rtexit$$00000004) refers to sys_exit.o(.text) for _sys_exit
    rtexit2.o(.ARM.exidx) refers to rtexit2.o(.ARM.Collect$$rtexit$$00000001) for .ARM.Collect$$rtexit$$00000001
    rtexit2.o(.ARM.exidx) refers to rtexit2.o(.ARM.Collect$$rtexit$$00000003) for .ARM.Collect$$rtexit$$00000003
    rtexit2.o(.ARM.exidx) refers to rtexit2.o(.ARM.Collect$$rtexit$$00000004) for .ARM.Collect$$rtexit$$00000004
    defsig_rtmem_outer.o(.text) refers to defsig_rtmem_inner.o(.text) for __rt_SIGRTMEM_inner
    defsig_rtmem_outer.o(.text) refers to defsig_exit.o(.text) for __sig_exit
    defsig_rtmem_formal.o(.text) refers to rt_raise.o(.text) for __rt_raise
    sys_exit.o(.text) refers (Special) to use_no_semi.o(.text) for __I$use$semihosting
    sys_exit.o(.text) refers (Special) to indicate_semi.o(.text) for __semihosting_library_function
    rt_raise.o(.text) refers to __raise.o(.text) for __raise
    rt_raise.o(.text) refers to sys_exit.o(.text) for _sys_exit
    defsig_exit.o(.text) refers to sys_exit.o(.text) for _sys_exit
    defsig_rtmem_inner.o(.text) refers to defsig_general.o(.text) for __default_signal_display
    libshutdown.o(.ARM.Collect$$libshutdown$$00000000) refers (Special) to libshutdown2.o(.ARM.Collect$$libshutdown$$00000006) for __rt_lib_shutdown_fp_trap_1
    libshutdown.o(.ARM.Collect$$libshutdown$$00000000) refers (Special) to libshutdown2.o(.ARM.Collect$$libshutdown$$0000000E) for __rt_lib_shutdown_heap_1
    libshutdown.o(.ARM.Collect$$libshutdown$$00000000) refers (Special) to libshutdown2.o(.ARM.Collect$$libshutdown$$0000000F) for __rt_lib_shutdown_return
    libshutdown.o(.ARM.Collect$$libshutdown$$00000000) refers (Special) to libshutdown2.o(.ARM.Collect$$libshutdown$$00000009) for __rt_lib_shutdown_signal_1
    libshutdown.o(.ARM.Collect$$libshutdown$$00000000) refers (Special) to libshutdown2.o(.ARM.Collect$$libshutdown$$00000003) for __rt_lib_shutdown_stdio_1
    libshutdown.o(.ARM.Collect$$libshutdown$$00000000) refers (Special) to libshutdown2.o(.ARM.Collect$$libshutdown$$0000000B) for __rt_lib_shutdown_user_alloc_1
    __raise.o(.text) refers to defsig.o(CL$$defsig) for __default_signal_handler
    defsig_general.o(.text) refers to sys_wrch.o(.text) for _ttywrch
    sys_wrch.o(.text) refers (Special) to use_no_semi.o(.text) for __I$use$semihosting
    sys_wrch.o(.text) refers (Special) to indicate_semi.o(.text) for __semihosting_library_function
    defsig.o(CL$$defsig) refers to defsig_rtmem_inner.o(.text) for __rt_SIGRTMEM_inner
    defsig_abrt_inner.o(.text) refers to defsig_general.o(.text) for __default_signal_display
    defsig_fpe_inner.o(.text) refers to defsig_general.o(.text) for __default_signal_display
    defsig_rtred_inner.o(.text) refers to defsig_general.o(.text) for __default_signal_display
    defsig_stak_inner.o(.text) refers to defsig_general.o(.text) for __default_signal_display
    defsig_pvfn_inner.o(.text) refers to defsig_general.o(.text) for __default_signal_display
    defsig_cppl_inner.o(.text) refers to defsig_general.o(.text) for __default_signal_display
    defsig_segv_inner.o(.text) refers to defsig_general.o(.text) for __default_signal_display
    defsig_other.o(.text) refers to defsig_general.o(.text) for __default_signal_display


==============================================================================

Removing Unused input sections from the image.

    Removing pll.o(i.PLL_Init), (144 bytes).
    Removing pll.o(i.SysTick_Init), (24 bytes).
    Removing pll.o(i.SysTick_Wait), (30 bytes).
    Removing keypad.o(i.Keypad_WaitKey), (14 bytes).
    Removing system_tm4c123.o(.rev16_text), (4 bytes).
    Removing system_tm4c123.o(.revsh_text), (4 bytes).
    Removing system_tm4c123.o(.rrx_text), (6 bytes).
    Removing system_tm4c123.o(i.SystemCoreClockUpdate), (196 bytes).
    Removing system_tm4c123.o(i.getOscClk), (244 bytes).
    Removing system_tm4c123.o(.data), (4 bytes).

10 unused section(s) (total 670 bytes) removed from the image.

==============================================================================

Image Symbol Table

    Local Symbols

    Symbol Name                              Value     Ov Type        Size  Object(Section)

    RESET                                    0x00000000   Section      620  startup_tm4c123.o(RESET)
    ../clib/angel/boardlib.s                 0x00000000   Number         0  boardinit2.o ABSOLUTE
    ../clib/angel/boardlib.s                 0x00000000   Number         0  boardinit1.o ABSOLUTE
    ../clib/angel/boardlib.s                 0x00000000   Number         0  boardinit3.o ABSOLUTE
    ../clib/angel/boardlib.s                 0x00000000   Number         0  boardshut.o ABSOLUTE
    ../clib/angel/handlers.s                 0x00000000   Number         0  __scatter_zi.o ABSOLUTE
    ../clib/angel/handlers.s                 0x00000000   Number         0  __scatter_copy.o ABSOLUTE
    ../clib/angel/kernel.s                   0x00000000   Number         0  __rtentry.o ABSOLUTE
    ../clib/angel/kernel.s                   0x00000000   Number         0  __rtentry4.o ABSOLUTE
    ../clib/angel/kernel.s                   0x00000000   Number         0  rtexit2.o ABSOLUTE
    ../clib/angel/kernel.s                   0x00000000   Number         0  __rtentry2.o ABSOLUTE
    ../clib/angel/kernel.s                   0x00000000   Number         0  rtexit.o ABSOLUTE
    ../clib/angel/rt.s                       0x00000000   Number         0  rt_raise.o ABSOLUTE
    ../clib/angel/rt.s                       0x00000000   Number         0  rt_locale.o ABSOLUTE
    ../clib/angel/rt.s                       0x00000000   Number         0  rt_locale_intlibspace.o ABSOLUTE
    ../clib/angel/rt.s                       0x00000000   Number         0  rt_ctype_table.o ABSOLUTE
    ../clib/angel/scatter.s                  0x00000000   Number         0  __scatter.o ABSOLUTE
    ../clib/angel/startup.s                  0x00000000   Number         0  __main.o ABSOLUTE
    ../clib/angel/sys.s                      0x00000000   Number         0  sys_stackheap_outer.o ABSOLUTE
    ../clib/angel/sys.s                      0x00000000   Number         0  libspace.o ABSOLUTE
    ../clib/angel/sys.s                      0x00000000   Number         0  indicate_semi.o ABSOLUTE
    ../clib/angel/sys.s                      0x00000000   Number         0  use_no_semi.o ABSOLUTE
    ../clib/angel/sysapp.c                   0x00000000   Number         0  sys_wrch.o ABSOLUTE
    ../clib/angel/sysapp.c                   0x00000000   Number         0  sys_command.o ABSOLUTE
    ../clib/angel/sysapp.c                   0x00000000   Number         0  sys_exit.o ABSOLUTE
    ../clib/armsys.c                         0x00000000   Number         0  no_argv.o ABSOLUTE
    ../clib/armsys.c                         0x00000000   Number         0  argv_veneer.o ABSOLUTE
    ../clib/armsys.c                         0x00000000   Number         0  argv_veneer.o ABSOLUTE
    ../clib/armsys.c                         0x00000000   Number         0  _get_argv_nomalloc.o ABSOLUTE
    ../clib/heapalloc.c                      0x00000000   Number         0  hrguard.o ABSOLUTE
    ../clib/heapaux.c                        0x00000000   Number         0  heapauxi.o ABSOLUTE
    ../clib/libinit.s                        0x00000000   Number         0  libshutdown.o ABSOLUTE
    ../clib/libinit.s                        0x00000000   Number         0  libshutdown2.o ABSOLUTE
    ../clib/libinit.s                        0x00000000   Number         0  libinit.o ABSOLUTE
    ../clib/libinit.s                        0x00000000   Number         0  libinit2.o ABSOLUTE
    ../clib/locale.s                         0x00000000   Number         0  lc_ctype_c.o ABSOLUTE
    ../clib/memcpset.s                       0x00000000   Number         0  strncpy.o ABSOLUTE
    ../clib/memcpset.s                       0x00000000   Number         0  strcmpv7m.o ABSOLUTE
    ../clib/memcpset.s                       0x00000000   Number         0  rt_memclr_w.o ABSOLUTE
    ../clib/memcpset.s                       0x00000000   Number         0  rt_memclr.o ABSOLUTE
    ../clib/signal.c                         0x00000000   Number         0  defsig_other.o ABSOLUTE
    ../clib/signal.c                         0x00000000   Number         0  defsig_rtmem_inner.o ABSOLUTE
    ../clib/signal.c                         0x00000000   Number         0  __raise.o ABSOLUTE
    ../clib/signal.c                         0x00000000   Number         0  defsig_general.o ABSOLUTE
    ../clib/signal.c                         0x00000000   Number         0  defsig_rtmem_formal.o ABSOLUTE
    ../clib/signal.c                         0x00000000   Number         0  defsig_rtmem_outer.o ABSOLUTE
    ../clib/signal.c                         0x00000000   Number         0  defsig_abrt_inner.o ABSOLUTE
    ../clib/signal.c                         0x00000000   Number         0  defsig_fpe_inner.o ABSOLUTE
    ../clib/signal.c                         0x00000000   Number         0  defsig_rtred_inner.o ABSOLUTE
    ../clib/signal.c                         0x00000000   Number         0  defsig_stak_inner.o ABSOLUTE
    ../clib/signal.c                         0x00000000   Number         0  defsig_cppl_inner.o ABSOLUTE
    ../clib/signal.c                         0x00000000   Number         0  defsig_pvfn_inner.o ABSOLUTE
    ../clib/signal.c                         0x00000000   Number         0  defsig_exit.o ABSOLUTE
    ../clib/signal.c                         0x00000000   Number         0  defsig_segv_inner.o ABSOLUTE
    ../clib/signal.s                         0x00000000   Number         0  defsig.o ABSOLUTE
    ../clib/stdlib.c                         0x00000000   Number         0  exit.o ABSOLUTE
    ../clib/string.c                         0x00000000   Number         0  strchr.o ABSOLUTE
    ../clib/string.c                         0x00000000   Number         0  strlen.o ABSOLUTE
    ../fplib/basic.s                         0x00000000   Number         0  basic.o ABSOLUTE
    ../fplib/daddsub.s                       0x00000000   Number         0  daddsub_clz.o ABSOLUTE
    ../fplib/dcmpi.s                         0x00000000   Number         0  dcmpi.o ABSOLUTE
    ../fplib/ddiv.s                          0x00000000   Number         0  ddiv.o ABSOLUTE
    ../fplib/deqf.s                          0x00000000   Number         0  deqf.o ABSOLUTE
    ../fplib/dfix.s                          0x00000000   Number         0  dfix.o ABSOLUTE
    ../fplib/dflt.s                          0x00000000   Number         0  dflt_clz.o ABSOLUTE
    ../fplib/dleqf.s                         0x00000000   Number         0  dleqf.o ABSOLUTE
    ../fplib/dmul.s                          0x00000000   Number         0  dmul.o ABSOLUTE
    ../fplib/dnaninf.s                       0x00000000   Number         0  dnaninf.o ABSOLUTE
    ../fplib/dretinf.s                       0x00000000   Number         0  dretinf.o ABSOLUTE
    ../fplib/fpinit.s                        0x00000000   Number         0  fpinit.o ABSOLUTE
    ../fplib/usenofp.s                       0x00000000   Number         0  usenofp.o ABSOLUTE
    PLL.c                                    0x00000000   Number         0  pll.o ABSOLUTE
    RTE\Device\TM4C123GH6PM\startup_TM4C123.s 0x00000000   Number         0  startup_tm4c123.o ABSOLUTE
    RTE\Device\TM4C123GH6PM\system_TM4C123.c 0x00000000   Number         0  system_tm4c123.o ABSOLUTE
    RTE\\Device\\TM4C123GH6PM\\system_TM4C123.c 0x00000000   Number         0  system_tm4c123.o ABSOLUTE
    calc.c                                   0x00000000   Number         0  calc.o ABSOLUTE
    dc.s                                     0x00000000   Number         0  dc.o ABSOLUTE
    keypad.c                                 0x00000000   Number         0  keypad.o ABSOLUTE
    lcd.c                                    0x00000000   Number         0  lcd.o ABSOLUTE
    main.c                                   0x00000000   Number         0  main.o ABSOLUTE
    !!!main                                  0x0000026c   Section        8  __main.o(!!!main)
    !!!scatter                               0x00000274   Section       52  __scatter.o(!!!scatter)
    !!handler_copy                           0x000002a8   Section       26  __scatter_copy.o(!!handler_copy)
    !!handler_zi                             0x000002c4   Section       28  __scatter_zi.o(!!handler_zi)
    .ARM.Collect$$libinit$$00000000          0x000002e0   Section        2  libinit.o(.ARM.Collect$$libinit$$00000000)
    .ARM.Collect$$libinit$$00000001          0x000002e2   Section        4  libinit2.o(.ARM.Collect$$libinit$$00000001)
    .ARM.Collect$$libinit$$00000004          0x000002e6   Section        0  libinit2.o(.ARM.Collect$$libinit$$00000004)
    .ARM.Collect$$libinit$$0000000A          0x000002e6   Section        0  libinit2.o(.ARM.Collect$$libinit$$0000000A)
    .ARM.Collect$$libinit$$0000000C          0x000002e6   Section        0  libinit2.o(.ARM.Collect$$libinit$$0000000C)
    .ARM.Collect$$libinit$$0000000E          0x000002e6   Section        0  libinit2.o(.ARM.Collect$$libinit$$0000000E)
    .ARM.Collect$$libinit$$0000000F          0x000002e6   Section        6  libinit2.o(.ARM.Collect$$libinit$$0000000F)
    .ARM.Collect$$libinit$$00000011          0x000002ec   Section        0  libinit2.o(.ARM.Collect$$libinit$$00000011)
    .ARM.Collect$$libinit$$00000012          0x000002ec   Section       12  libinit2.o(.ARM.Collect$$libinit$$00000012)
    .ARM.Collect$$libinit$$00000013          0x000002f8   Section        0  libinit2.o(.ARM.Collect$$libinit$$00000013)
    .ARM.Collect$$libinit$$00000015          0x000002f8   Section        0  libinit2.o(.ARM.Collect$$libinit$$00000015)
    .ARM.Collect$$libinit$$00000017          0x000002f8   Section        0  libinit2.o(.ARM.Collect$$libinit$$00000017)
    .ARM.Collect$$libinit$$00000019          0x000002f8   Section        0  libinit2.o(.ARM.Collect$$libinit$$00000019)
    .ARM.Collect$$libinit$$0000001B          0x000002f8   Section        0  libinit2.o(.ARM.Collect$$libinit$$0000001B)
    .ARM.Collect$$libinit$$0000001D          0x000002f8   Section        0  libinit2.o(.ARM.Collect$$libinit$$0000001D)
    .ARM.Collect$$libinit$$0000001F          0x000002f8   Section        0  libinit2.o(.ARM.Collect$$libinit$$0000001F)
    .ARM.Collect$$libinit$$00000021          0x000002f8   Section        0  libinit2.o(.ARM.Collect$$libinit$$00000021)
    .ARM.Collect$$libinit$$00000023          0x000002f8   Section        0  libinit2.o(.ARM.Collect$$libinit$$00000023)
    .ARM.Collect$$libinit$$00000025          0x000002f8   Section        0  libinit2.o(.ARM.Collect$$libinit$$00000025)
    .ARM.Collect$$libinit$$0000002C          0x000002f8   Section        0  libinit2.o(.ARM.Collect$$libinit$$0000002C)
    .ARM.Collect$$libinit$$0000002E          0x000002f8   Section        0  libinit2.o(.ARM.Collect$$libinit$$0000002E)
    .ARM.Collect$$libinit$$00000030          0x000002f8   Section        0  libinit2.o(.ARM.Collect$$libinit$$00000030)
    .ARM.Collect$$libinit$$00000032          0x000002f8   Section        0  libinit2.o(.ARM.Collect$$libinit$$00000032)
    .ARM.Collect$$libinit$$00000033          0x000002f8   Section        2  libinit2.o(.ARM.Collect$$libinit$$00000033)
    .ARM.Collect$$libshutdown$$00000000      0x000002fa   Section        2  libshutdown.o(.ARM.Collect$$libshutdown$$00000000)
    .ARM.Collect$$libshutdown$$00000003      0x000002fc   Section        0  libshutdown2.o(.ARM.Collect$$libshutdown$$00000003)
    .ARM.Collect$$libshutdown$$00000006      0x000002fc   Section        0  libshutdown2.o(.ARM.Collect$$libshutdown$$00000006)
    .ARM.Collect$$libshutdown$$00000009      0x000002fc   Section        0  libshutdown2.o(.ARM.Collect$$libshutdown$$00000009)
    .ARM.Collect$$libshutdown$$0000000B      0x000002fc   Section        0  libshutdown2.o(.ARM.Collect$$libshutdown$$0000000B)
    .ARM.Collect$$libshutdown$$0000000E      0x000002fc   Section        0  libshutdown2.o(.ARM.Collect$$libshutdown$$0000000E)
    .ARM.Collect$$libshutdown$$0000000F      0x000002fc   Section        2  libshutdown2.o(.ARM.Collect$$libshutdown$$0000000F)
    .ARM.Collect$$rtentry$$00000000          0x000002fe   Section        0  __rtentry.o(.ARM.Collect$$rtentry$$00000000)
    .ARM.Collect$$rtentry$$00000002          0x000002fe   Section        0  __rtentry2.o(.ARM.Collect$$rtentry$$00000002)
    .ARM.Collect$$rtentry$$00000004          0x000002fe   Section        6  __rtentry4.o(.ARM.Collect$$rtentry$$00000004)
    .ARM.Collect$$rtentry$$00000009          0x00000304   Section        0  __rtentry2.o(.ARM.Collect$$rtentry$$00000009)
    .ARM.Collect$$rtentry$$0000000A          0x00000304   Section        4  __rtentry2.o(.ARM.Collect$$rtentry$$0000000A)
    .ARM.Collect$$rtentry$$0000000C          0x00000308   Section        0  __rtentry2.o(.ARM.Collect$$rtentry$$0000000C)
    .ARM.Collect$$rtentry$$0000000D          0x00000308   Section        8  __rtentry2.o(.ARM.Collect$$rtentry$$0000000D)
    .ARM.Collect$$rtexit$$00000000           0x00000310   Section        2  rtexit.o(.ARM.Collect$$rtexit$$00000000)
    .ARM.Collect$$rtexit$$00000002           0x00000312   Section        0  rtexit2.o(.ARM.Collect$$rtexit$$00000002)
    .ARM.Collect$$rtexit$$00000003           0x00000312   Section        4  rtexit2.o(.ARM.Collect$$rtexit$$00000003)
    .ARM.Collect$$rtexit$$00000004           0x00000316   Section        6  rtexit2.o(.ARM.Collect$$rtexit$$00000004)
    .text                                    0x0000031c   Section      276  startup_tm4c123.o(.text)
    $v0                                      0x0000031c   Number         0  startup_tm4c123.o(.text)
    .text                                    0x00000430   Section       16  rt_ctype_table.o(.text)
    .text                                    0x00000440   Section        0  strchr.o(.text)
    .text                                    0x00000454   Section        0  strlen.o(.text)
    .text                                    0x00000492   Section       86  strncpy.o(.text)
    .text                                    0x000004e8   Section        0  heapauxi.o(.text)
    .text                                    0x000004f0   Section        8  rt_locale_intlibspace.o(.text)
    .text                                    0x000004f8   Section       68  rt_memclr.o(.text)
    .text                                    0x0000053c   Section        8  libspace.o(.text)
    .text                                    0x00000544   Section       78  rt_memclr_w.o(.text)
    .text                                    0x00000594   Section      128  strcmpv7m.o(.text)
    .text                                    0x00000614   Section       74  sys_stackheap_outer.o(.text)
    .text                                    0x0000065e   Section        0  exit.o(.text)
    .text                                    0x0000066c   Section        0  sys_exit.o(.text)
    .text                                    0x00000678   Section        2  use_no_semi.o(.text)
    .text                                    0x0000067a   Section        0  indicate_semi.o(.text)
    i.CALC_AppendChar                        0x0000067c   Section        0  calc.o(i.CALC_AppendChar)
    CALC_AppendChar                          0x0000067d   Thumb Code    94  calc.o(i.CALC_AppendChar)
    i.CALC_ClearCurrent                      0x000006e0   Section        0  calc.o(i.CALC_ClearCurrent)
    CALC_ClearCurrent                        0x000006e1   Thumb Code     8  calc.o(i.CALC_ClearCurrent)
    i.CALC_DoBinary                          0x000006ec   Section        0  calc.o(i.CALC_DoBinary)
    CALC_DoBinary                            0x000006ed   Thumb Code   190  calc.o(i.CALC_DoBinary)
    i.CALC_FormatNumber                      0x000007b8   Section        0  calc.o(i.CALC_FormatNumber)
    CALC_FormatNumber                        0x000007b9   Thumb Code   370  calc.o(i.CALC_FormatNumber)
    i.CALC_HandleEndInput                    0x00000944   Section        0  calc.o(i.CALC_HandleEndInput)
    CALC_HandleEndInput                      0x00000945   Thumb Code   122  calc.o(i.CALC_HandleEndInput)
    i.CALC_HandleOperator                    0x000009d8   Section        0  calc.o(i.CALC_HandleOperator)
    CALC_HandleOperator                      0x000009d9   Thumb Code   162  calc.o(i.CALC_HandleOperator)
    i.CALC_ParseNumber                       0x00000a94   Section        0  calc.o(i.CALC_ParseNumber)
    CALC_ParseNumber                         0x00000a95   Thumb Code   300  calc.o(i.CALC_ParseNumber)
    i.CALC_RebuildDisplay                    0x00000bd8   Section        0  calc.o(i.CALC_RebuildDisplay)
    CALC_RebuildDisplay                      0x00000bd9   Thumb Code   262  calc.o(i.CALC_RebuildDisplay)
    i.CALC_Rubout                            0x00000d28   Section        0  calc.o(i.CALC_Rubout)
    CALC_Rubout                              0x00000d29   Thumb Code    26  calc.o(i.CALC_Rubout)
    i.Calc_GetLine0                          0x00000d48   Section        0  calc.o(i.Calc_GetLine0)
    i.Calc_GetLine1                          0x00000d50   Section        0  calc.o(i.Calc_GetLine1)
    i.Calc_Init                              0x00000d58   Section        0  calc.o(i.Calc_Init)
    i.Calc_ProcessKey                        0x00000dec   Section        0  calc.o(i.Calc_ProcessKey)
    i.DelayCycles                            0x00000efc   Section        0  lcd.o(i.DelayCycles)
    DelayCycles                              0x00000efd   Thumb Code    50  lcd.o(i.DelayCycles)
    i.DelayMs                                0x00000f2e   Section        0  lcd.o(i.DelayMs)
    DelayMs                                  0x00000f2f   Thumb Code    24  lcd.o(i.DelayMs)
    i.DelayUs                                0x00000f46   Section        0  lcd.o(i.DelayUs)
    DelayUs                                  0x00000f47   Thumb Code    68  lcd.o(i.DelayUs)
    i.DelayUs                                0x00000f8a   Section        0  keypad.o(i.DelayUs)
    DelayUs                                  0x00000f8b   Thumb Code    32  keypad.o(i.DelayUs)
    i.Keypad_GetKey                          0x00000fac   Section        0  keypad.o(i.Keypad_GetKey)
    i.Keypad_Init                            0x00001014   Section        0  keypad.o(i.Keypad_Init)
    i.Keypad_ScanRaw                         0x000010f4   Section        0  keypad.o(i.Keypad_ScanRaw)
    Keypad_ScanRaw                           0x000010f5   Thumb Code   134  keypad.o(i.Keypad_ScanRaw)
    i.LCD_Clear                              0x0000118c   Section        0  lcd.o(i.LCD_Clear)
    i.LCD_Command                            0x00001196   Section        0  lcd.o(i.LCD_Command)
    i.LCD_GPIO_Init                          0x000011b4   Section        0  lcd.o(i.LCD_GPIO_Init)
    LCD_GPIO_Init                            0x000011b5   Thumb Code   196  lcd.o(i.LCD_GPIO_Init)
    i.LCD_Init                               0x00001294   Section        0  lcd.o(i.LCD_Init)
    i.LCD_PulseEnable                        0x000012fc   Section        0  lcd.o(i.LCD_PulseEnable)
    LCD_PulseEnable                          0x000012fd   Thumb Code    52  lcd.o(i.LCD_PulseEnable)
    i.LCD_SetCursor                          0x00001334   Section        0  lcd.o(i.LCD_SetCursor)
    i.LCD_WriteChar                          0x0000135c   Section        0  lcd.o(i.LCD_WriteChar)
    i.LCD_WriteNibbleToPortB                 0x0000136c   Section        0  lcd.o(i.LCD_WriteNibbleToPortB)
    LCD_WriteNibbleToPortB                   0x0000136d   Thumb Code    26  lcd.o(i.LCD_WriteNibbleToPortB)
    i.LCD_WriteString                        0x00001390   Section        0  lcd.o(i.LCD_WriteString)
    i.SendDisplayByte                        0x000013a6   Section        0  lcd.o(i.SendDisplayByte)
    SendDisplayByte                          0x000013a7   Thumb Code    32  lcd.o(i.SendDisplayByte)
    i.SendDisplayNibble                      0x000013c8   Section        0  lcd.o(i.SendDisplayNibble)
    SendDisplayNibble                        0x000013c9   Thumb Code    70  lcd.o(i.SendDisplayNibble)
    i.SysTick_Init_NoInt                     0x00001414   Section        0  lcd.o(i.SysTick_Init_NoInt)
    SysTick_Init_NoInt                       0x00001415   Thumb Code    24  lcd.o(i.SysTick_Init_NoInt)
    i.SystemInit                             0x0000142c   Section        0  system_tm4c123.o(i.SystemInit)
    i.main                                   0x00001440   Section        0  main.o(i.main)
    locale$$code                             0x000014dc   Section       44  lc_ctype_c.o(locale$$code)
    x$fpl$basic                              0x00001508   Section       24  basic.o(x$fpl$basic)
    $v0                                      0x00001508   Number         0  basic.o(x$fpl$basic)
    x$fpl$dadd                               0x00001520   Section      336  daddsub_clz.o(x$fpl$dadd)
    $v0                                      0x00001520   Number         0  daddsub_clz.o(x$fpl$dadd)
    _dadd1                                   0x00001531   Thumb Code     0  daddsub_clz.o(x$fpl$dadd)
    x$fpl$dcmpinf                            0x00001670   Section       24  dcmpi.o(x$fpl$dcmpinf)
    $v0                                      0x00001670   Number         0  dcmpi.o(x$fpl$dcmpinf)
    x$fpl$ddiv                               0x00001688   Section      688  ddiv.o(x$fpl$ddiv)
    $v0                                      0x00001688   Number         0  ddiv.o(x$fpl$ddiv)
    ddiv_entry                               0x0000168f   Thumb Code     0  ddiv.o(x$fpl$ddiv)
    x$fpl$deqf                               0x00001938   Section      120  deqf.o(x$fpl$deqf)
    $v0                                      0x00001938   Number         0  deqf.o(x$fpl$deqf)
    x$fpl$dfix                               0x000019b0   Section       94  dfix.o(x$fpl$dfix)
    $v0                                      0x000019b0   Number         0  dfix.o(x$fpl$dfix)
    x$fpl$dflt                               0x00001a0e   Section       46  dflt_clz.o(x$fpl$dflt)
    $v0                                      0x00001a0e   Number         0  dflt_clz.o(x$fpl$dflt)
    x$fpl$dleqf                              0x00001a3c   Section      120  dleqf.o(x$fpl$dleqf)
    $v0                                      0x00001a3c   Number         0  dleqf.o(x$fpl$dleqf)
    x$fpl$dmul                               0x00001ab4   Section      340  dmul.o(x$fpl$dmul)
    $v0                                      0x00001ab4   Number         0  dmul.o(x$fpl$dmul)
    x$fpl$dnaninf                            0x00001c08   Section      156  dnaninf.o(x$fpl$dnaninf)
    $v0                                      0x00001c08   Number         0  dnaninf.o(x$fpl$dnaninf)
    x$fpl$dretinf                            0x00001ca4   Section       12  dretinf.o(x$fpl$dretinf)
    $v0                                      0x00001ca4   Number         0  dretinf.o(x$fpl$dretinf)
    x$fpl$drsb                               0x00001cb0   Section       22  daddsub_clz.o(x$fpl$drsb)
    $v0                                      0x00001cb0   Number         0  daddsub_clz.o(x$fpl$drsb)
    x$fpl$dsub                               0x00001cc8   Section      468  daddsub_clz.o(x$fpl$dsub)
    $v0                                      0x00001cc8   Number         0  daddsub_clz.o(x$fpl$dsub)
    _dsub1                                   0x00001cd9   Thumb Code     0  daddsub_clz.o(x$fpl$dsub)
    x$fpl$fpinit                             0x00001e9c   Section       10  fpinit.o(x$fpl$fpinit)
    $v0                                      0x00001e9c   Number         0  fpinit.o(x$fpl$fpinit)
    .constdata                               0x00001ea6   Section        4  lcd.o(.constdata)
    x$fpl$usenofp                            0x00001ea6   Section        0  usenofp.o(x$fpl$usenofp)
    row_addr                                 0x00001ea6   Data           4  lcd.o(.constdata)
    .constdata                               0x00001eaa   Section       16  keypad.o(.constdata)
    kKeyMap                                  0x00001eaa   Data          16  keypad.o(.constdata)
    locale$$data                             0x00001edc   Section      272  lc_ctype_c.o(locale$$data)
    __lcctype_c_name                         0x00001ee0   Data           2  lc_ctype_c.o(locale$$data)
    __lcctype_c_start                        0x00001ee8   Data           0  lc_ctype_c.o(locale$$data)
    __lcctype_c_end                          0x00001fec   Data           0  lc_ctype_c.o(locale$$data)
    .data                                    0x20000000   Section        3  keypad.o(.data)
    lastRaw                                  0x20000000   Data           1  keypad.o(.data)
    sameCnt                                  0x20000001   Data           1  keypad.o(.data)
    pressed                                  0x20000002   Data           1  keypad.o(.data)
    .data                                    0x20000008   Section       44  calc.o(.data)
    g_state                                  0x20000008   Data           1  calc.o(.data)
    g_shift                                  0x2000000c   Data           4  calc.o(.data)
    g_op                                     0x20000010   Data           1  calc.o(.data)
    g_opa                                    0x20000018   Data           8  calc.o(.data)
    g_opb                                    0x20000020   Data           8  calc.o(.data)
    g_result                                 0x20000028   Data           8  calc.o(.data)
    g_error                                  0x20000030   Data           4  calc.o(.data)
    .bss                                     0x20000034   Section       51  calc.o(.bss)
    g_curr                                   0x20000034   Data          17  calc.o(.bss)
    g_line0                                  0x20000045   Data          17  calc.o(.bss)
    g_line1                                  0x20000056   Data          17  calc.o(.bss)
    .bss                                     0x20000068   Section       96  libspace.o(.bss)
    HEAP                                     0x200000c8   Section        0  startup_tm4c123.o(HEAP)
    STACK                                    0x200000c8   Section      512  startup_tm4c123.o(STACK)
    Heap_Mem                                 0x200000c8   Data           0  startup_tm4c123.o(HEAP)
    Stack_Mem                                0x200000c8   Data         512  startup_tm4c123.o(STACK)
    __initial_sp                             0x200002c8   Data           0  startup_tm4c123.o(STACK)

    Global Symbols

    Symbol Name                              Value     Ov Type        Size  Object(Section)

    BuildAttributes$$THM_ISAv4$E$P$D$K$B$S$7EM$VFPi3$EXTD16$VFPS$VFMA$PE$A:L22UL41UL21$X:L11$S22US41US21$IEEE1$IW$USESV6$~STKCKD$USESV7$~SHL$OSPACE$ROPI$EBA8$UX$STANDARDLIB$REQ8$PRES8$EABIv2 0x00000000   Number         0  anon$$obj.o ABSOLUTE
    __ARM_use_no_argv                        0x00000000   Number         0  main.o ABSOLUTE
    __Vectors                                0x00000000   Data           4  startup_tm4c123.o(RESET)
    __ARM_exceptions_init                     - Undefined Weak Reference
    __alloca_initialize                       - Undefined Weak Reference
    __arm_preinit_                            - Undefined Weak Reference
    __cpp_initialize__aeabi_                  - Undefined Weak Reference
    __cxa_finalize                            - Undefined Weak Reference
    __sigvec_lookup                           - Undefined Weak Reference
    _atexit_init                              - Undefined Weak Reference
    _call_atexit_fns                          - Undefined Weak Reference
    _clock_init                               - Undefined Weak Reference
    _fp_trap_init                             - Undefined Weak Reference
    _fp_trap_shutdown                         - Undefined Weak Reference
    _get_lc_collate                           - Undefined Weak Reference
    _get_lc_monetary                          - Undefined Weak Reference
    _get_lc_numeric                           - Undefined Weak Reference
    _get_lc_time                              - Undefined Weak Reference
    _getenv_init                              - Undefined Weak Reference
    _handle_redirection                       - Undefined Weak Reference
    _init_alloc                               - Undefined Weak Reference
    _init_user_alloc                          - Undefined Weak Reference
    _initio                                   - Undefined Weak Reference
    _rand_init                                - Undefined Weak Reference
    _signal_finish                            - Undefined Weak Reference
    _signal_init                              - Undefined Weak Reference
    _terminate_alloc                          - Undefined Weak Reference
    _terminate_user_alloc                     - Undefined Weak Reference
    _terminateio                              - Undefined Weak Reference
    __Vectors_End                            0x0000026c   Data           0  startup_tm4c123.o(RESET)
    __Vectors_Size                           0x0000026c   Number         0  startup_tm4c123.o ABSOLUTE
    __main                                   0x0000026d   Thumb Code     8  __main.o(!!!main)
    __scatterload                            0x00000275   Thumb Code     0  __scatter.o(!!!scatter)
    __scatterload_rt2                        0x00000275   Thumb Code    44  __scatter.o(!!!scatter)
    __scatterload_rt2_thumb_only             0x00000275   Thumb Code     0  __scatter.o(!!!scatter)
    __scatterload_null                       0x00000283   Thumb Code     0  __scatter.o(!!!scatter)
    __scatterload_copy                       0x000002a9   Thumb Code    26  __scatter_copy.o(!!handler_copy)
    __scatterload_zeroinit                   0x000002c5   Thumb Code    28  __scatter_zi.o(!!handler_zi)
    __rt_lib_init                            0x000002e1   Thumb Code     0  libinit.o(.ARM.Collect$$libinit$$00000000)
    __rt_lib_init_fp_1                       0x000002e3   Thumb Code     0  libinit2.o(.ARM.Collect$$libinit$$00000001)
    __rt_lib_init_heap_1                     0x000002e7   Thumb Code     0  libinit2.o(.ARM.Collect$$libinit$$0000000A)
    __rt_lib_init_lc_common                  0x000002e7   Thumb Code     0  libinit2.o(.ARM.Collect$$libinit$$0000000F)
    __rt_lib_init_preinit_1                  0x000002e7   Thumb Code     0  libinit2.o(.ARM.Collect$$libinit$$00000004)
    __rt_lib_init_rand_1                     0x000002e7   Thumb Code     0  libinit2.o(.ARM.Collect$$libinit$$0000000E)
    __rt_lib_init_user_alloc_1               0x000002e7   Thumb Code     0  libinit2.o(.ARM.Collect$$libinit$$0000000C)
    __rt_lib_init_lc_collate_1               0x000002ed   Thumb Code     0  libinit2.o(.ARM.Collect$$libinit$$00000011)
    __rt_lib_init_lc_ctype_2                 0x000002ed   Thumb Code     0  libinit2.o(.ARM.Collect$$libinit$$00000012)
    __rt_lib_init_alloca_1                   0x000002f9   Thumb Code     0  libinit2.o(.ARM.Collect$$libinit$$0000002E)
    __rt_lib_init_argv_1                     0x000002f9   Thumb Code     0  libinit2.o(.ARM.Collect$$libinit$$0000002C)
    __rt_lib_init_atexit_1                   0x000002f9   Thumb Code     0  libinit2.o(.ARM.Collect$$libinit$$0000001B)
    __rt_lib_init_clock_1                    0x000002f9   Thumb Code     0  libinit2.o(.ARM.Collect$$libinit$$00000021)
    __rt_lib_init_cpp_1                      0x000002f9   Thumb Code     0  libinit2.o(.ARM.Collect$$libinit$$00000032)
    __rt_lib_init_exceptions_1               0x000002f9   Thumb Code     0  libinit2.o(.ARM.Collect$$libinit$$00000030)
    __rt_lib_init_fp_trap_1                  0x000002f9   Thumb Code     0  libinit2.o(.ARM.Collect$$libinit$$0000001F)
    __rt_lib_init_getenv_1                   0x000002f9   Thumb Code     0  libinit2.o(.ARM.Collect$$libinit$$00000023)
    __rt_lib_init_lc_ctype_1                 0x000002f9   Thumb Code     0  libinit2.o(.ARM.Collect$$libinit$$00000013)
    __rt_lib_init_lc_monetary_1              0x000002f9   Thumb Code     0  libinit2.o(.ARM.Collect$$libinit$$00000015)
    __rt_lib_init_lc_numeric_1               0x000002f9   Thumb Code     0  libinit2.o(.ARM.Collect$$libinit$$00000017)
    __rt_lib_init_lc_time_1                  0x000002f9   Thumb Code     0  libinit2.o(.ARM.Collect$$libinit$$00000019)
    __rt_lib_init_return                     0x000002f9   Thumb Code     0  libinit2.o(.ARM.Collect$$libinit$$00000033)
    __rt_lib_init_signal_1                   0x000002f9   Thumb Code     0  libinit2.o(.ARM.Collect$$libinit$$0000001D)
    __rt_lib_init_stdio_1                    0x000002f9   Thumb Code     0  libinit2.o(.ARM.Collect$$libinit$$00000025)
    __rt_lib_shutdown                        0x000002fb   Thumb Code     0  libshutdown.o(.ARM.Collect$$libshutdown$$00000000)
    __rt_lib_shutdown_fp_trap_1              0x000002fd   Thumb Code     0  libshutdown2.o(.ARM.Collect$$libshutdown$$00000006)
    __rt_lib_shutdown_heap_1                 0x000002fd   Thumb Code     0  libshutdown2.o(.ARM.Collect$$libshutdown$$0000000E)
    __rt_lib_shutdown_return                 0x000002fd   Thumb Code     0  libshutdown2.o(.ARM.Collect$$libshutdown$$0000000F)
    __rt_lib_shutdown_signal_1               0x000002fd   Thumb Code     0  libshutdown2.o(.ARM.Collect$$libshutdown$$00000009)
    __rt_lib_shutdown_stdio_1                0x000002fd   Thumb Code     0  libshutdown2.o(.ARM.Collect$$libshutdown$$00000003)
    __rt_lib_shutdown_user_alloc_1           0x000002fd   Thumb Code     0  libshutdown2.o(.ARM.Collect$$libshutdown$$0000000B)
    __rt_entry                               0x000002ff   Thumb Code     0  __rtentry.o(.ARM.Collect$$rtentry$$00000000)
    __rt_entry_presh_1                       0x000002ff   Thumb Code     0  __rtentry2.o(.ARM.Collect$$rtentry$$00000002)
    __rt_entry_sh                            0x000002ff   Thumb Code     0  __rtentry4.o(.ARM.Collect$$rtentry$$00000004)
    __rt_entry_li                            0x00000305   Thumb Code     0  __rtentry2.o(.ARM.Collect$$rtentry$$0000000A)
    __rt_entry_postsh_1                      0x00000305   Thumb Code     0  __rtentry2.o(.ARM.Collect$$rtentry$$00000009)
    __rt_entry_main                          0x00000309   Thumb Code     0  __rtentry2.o(.ARM.Collect$$rtentry$$0000000D)
    __rt_entry_postli_1                      0x00000309   Thumb Code     0  __rtentry2.o(.ARM.Collect$$rtentry$$0000000C)
    __rt_exit                                0x00000311   Thumb Code     0  rtexit.o(.ARM.Collect$$rtexit$$00000000)
    __rt_exit_ls                             0x00000313   Thumb Code     0  rtexit2.o(.ARM.Collect$$rtexit$$00000003)
    __rt_exit_prels_1                        0x00000313   Thumb Code     0  rtexit2.o(.ARM.Collect$$rtexit$$00000002)
    __rt_exit_exit                           0x00000317   Thumb Code     0  rtexit2.o(.ARM.Collect$$rtexit$$00000004)
    Reset_Handler                            0x0000031d   Thumb Code     8  startup_tm4c123.o(.text)
    NMI_Handler                              0x00000325   Thumb Code     2  startup_tm4c123.o(.text)
    HardFault_Handler                        0x00000327   Thumb Code     2  startup_tm4c123.o(.text)
    MemManage_Handler                        0x00000329   Thumb Code     2  startup_tm4c123.o(.text)
    BusFault_Handler                         0x0000032b   Thumb Code     2  startup_tm4c123.o(.text)
    UsageFault_Handler                       0x0000032d   Thumb Code     2  startup_tm4c123.o(.text)
    SVC_Handler                              0x0000032f   Thumb Code     2  startup_tm4c123.o(.text)
    DebugMon_Handler                         0x00000331   Thumb Code     2  startup_tm4c123.o(.text)
    PendSV_Handler                           0x00000333   Thumb Code     2  startup_tm4c123.o(.text)
    SysTick_Handler                          0x00000335   Thumb Code     2  startup_tm4c123.o(.text)
    GPIOA_Handler                            0x00000337   Thumb Code     2  startup_tm4c123.o(.text)
    GPIOB_Handler                            0x00000339   Thumb Code     2  startup_tm4c123.o(.text)
    GPIOC_Handler                            0x0000033b   Thumb Code     2  startup_tm4c123.o(.text)
    GPIOD_Handler                            0x0000033d   Thumb Code     2  startup_tm4c123.o(.text)
    GPIOE_Handler                            0x0000033f   Thumb Code     2  startup_tm4c123.o(.text)
    UART0_Handler                            0x00000341   Thumb Code     2  startup_tm4c123.o(.text)
    UART1_Handler                            0x00000343   Thumb Code     2  startup_tm4c123.o(.text)
    SSI0_Handler                             0x00000345   Thumb Code     2  startup_tm4c123.o(.text)
    I2C0_Handler                             0x00000347   Thumb Code     2  startup_tm4c123.o(.text)
    PMW0_FAULT_Handler                       0x00000349   Thumb Code     2  startup_tm4c123.o(.text)
    PWM0_0_Handler                           0x0000034b   Thumb Code     2  startup_tm4c123.o(.text)
    PWM0_1_Handler                           0x0000034d   Thumb Code     2  startup_tm4c123.o(.text)
    PWM0_2_Handler                           0x0000034f   Thumb Code     2  startup_tm4c123.o(.text)
    QEI0_Handler                             0x00000351   Thumb Code     2  startup_tm4c123.o(.text)
    ADC0SS0_Handler                          0x00000353   Thumb Code     2  startup_tm4c123.o(.text)
    ADC0SS1_Handler                          0x00000355   Thumb Code     2  startup_tm4c123.o(.text)
    ADC0SS2_Handler                          0x00000357   Thumb Code     2  startup_tm4c123.o(.text)
    ADC0SS3_Handler                          0x00000359   Thumb Code     2  startup_tm4c123.o(.text)
    WDT0_Handler                             0x0000035b   Thumb Code     2  startup_tm4c123.o(.text)
    TIMER0A_Handler                          0x0000035d   Thumb Code     2  startup_tm4c123.o(.text)
    TIMER0B_Handler                          0x0000035f   Thumb Code     2  startup_tm4c123.o(.text)
    TIMER1A_Handler                          0x00000361   Thumb Code     2  startup_tm4c123.o(.text)
    TIMER1B_Handler                          0x00000363   Thumb Code     2  startup_tm4c123.o(.text)
    TIMER2A_Handler                          0x00000365   Thumb Code     2  startup_tm4c123.o(.text)
    TIMER2B_Handler                          0x00000367   Thumb Code     2  startup_tm4c123.o(.text)
    COMP0_Handler                            0x00000369   Thumb Code     2  startup_tm4c123.o(.text)
    COMP1_Handler                            0x0000036b   Thumb Code     2  startup_tm4c123.o(.text)
    COMP2_Handler                            0x0000036d   Thumb Code     2  startup_tm4c123.o(.text)
    SYSCTL_Handler                           0x0000036f   Thumb Code     2  startup_tm4c123.o(.text)
    FLASH_Handler                            0x00000371   Thumb Code     2  startup_tm4c123.o(.text)
    GPIOF_Handler                            0x00000373   Thumb Code     2  startup_tm4c123.o(.text)
    GPIOG_Handler                            0x00000375   Thumb Code     2  startup_tm4c123.o(.text)
    GPIOH_Handler                            0x00000377   Thumb Code     2  startup_tm4c123.o(.text)
    UART2_Handler                            0x00000379   Thumb Code     2  startup_tm4c123.o(.text)
    SSI1_Handler                             0x0000037b   Thumb Code     2  startup_tm4c123.o(.text)
    TIMER3A_Handler                          0x0000037d   Thumb Code     2  startup_tm4c123.o(.text)
    TIMER3B_Handler                          0x0000037f   Thumb Code     2  startup_tm4c123.o(.text)
    I2C1_Handler                             0x00000381   Thumb Code     2  startup_tm4c123.o(.text)
    QEI1_Handler                             0x00000383   Thumb Code     2  startup_tm4c123.o(.text)
    CAN0_Handler                             0x00000385   Thumb Code     2  startup_tm4c123.o(.text)
    CAN1_Handler                             0x00000387   Thumb Code     2  startup_tm4c123.o(.text)
    CAN2_Handler                             0x00000389   Thumb Code     2  startup_tm4c123.o(.text)
    HIB_Handler                              0x0000038b   Thumb Code     2  startup_tm4c123.o(.text)
    USB0_Handler                             0x0000038d   Thumb Code     2  startup_tm4c123.o(.text)
    PWM0_3_Handler                           0x0000038f   Thumb Code     2  startup_tm4c123.o(.text)
    UDMA_Handler                             0x00000391   Thumb Code     2  startup_tm4c123.o(.text)
    UDMAERR_Handler                          0x00000393   Thumb Code     2  startup_tm4c123.o(.text)
    ADC1SS0_Handler                          0x00000395   Thumb Code     2  startup_tm4c123.o(.text)
    ADC1SS1_Handler                          0x00000397   Thumb Code     2  startup_tm4c123.o(.text)
    ADC1SS2_Handler                          0x00000399   Thumb Code     2  startup_tm4c123.o(.text)
    ADC1SS3_Handler                          0x0000039b   Thumb Code     2  startup_tm4c123.o(.text)
    GPIOJ_Handler                            0x0000039d   Thumb Code     2  startup_tm4c123.o(.text)
    GPIOK_Handler                            0x0000039f   Thumb Code     2  startup_tm4c123.o(.text)
    GPIOL_Handler                            0x000003a1   Thumb Code     2  startup_tm4c123.o(.text)
    SSI2_Handler                             0x000003a3   Thumb Code     2  startup_tm4c123.o(.text)
    SSI3_Handler                             0x000003a5   Thumb Code     2  startup_tm4c123.o(.text)
    UART3_Handler                            0x000003a7   Thumb Code     2  startup_tm4c123.o(.text)
    UART4_Handler                            0x000003a9   Thumb Code     2  startup_tm4c123.o(.text)
    UART5_Handler                            0x000003ab   Thumb Code     2  startup_tm4c123.o(.text)
    UART6_Handler                            0x000003ad   Thumb Code     2  startup_tm4c123.o(.text)
    UART7_Handler                            0x000003af   Thumb Code     2  startup_tm4c123.o(.text)
    I2C2_Handler                             0x000003b1   Thumb Code     2  startup_tm4c123.o(.text)
    I2C3_Handler                             0x000003b3   Thumb Code     2  startup_tm4c123.o(.text)
    TIMER4A_Handler                          0x000003b5   Thumb Code     2  startup_tm4c123.o(.text)
    TIMER4B_Handler                          0x000003b7   Thumb Code     2  startup_tm4c123.o(.text)
    TIMER5A_Handler                          0x000003b9   Thumb Code     2  startup_tm4c123.o(.text)
    TIMER5B_Handler                          0x000003bb   Thumb Code     2  startup_tm4c123.o(.text)
    WTIMER0A_Handler                         0x000003bd   Thumb Code     2  startup_tm4c123.o(.text)
    WTIMER0B_Handler                         0x000003bf   Thumb Code     2  startup_tm4c123.o(.text)
    WTIMER1A_Handler                         0x000003c1   Thumb Code     2  startup_tm4c123.o(.text)
    WTIMER1B_Handler                         0x000003c3   Thumb Code     2  startup_tm4c123.o(.text)
    WTIMER2A_Handler                         0x000003c5   Thumb Code     2  startup_tm4c123.o(.text)
    WTIMER2B_Handler                         0x000003c7   Thumb Code     2  startup_tm4c123.o(.text)
    WTIMER3A_Handler                         0x000003c9   Thumb Code     2  startup_tm4c123.o(.text)
    WTIMER3B_Handler                         0x000003cb   Thumb Code     2  startup_tm4c123.o(.text)
    WTIMER4A_Handler                         0x000003cd   Thumb Code     2  startup_tm4c123.o(.text)
    WTIMER4B_Handler                         0x000003cf   Thumb Code     2  startup_tm4c123.o(.text)
    WTIMER5A_Handler                         0x000003d1   Thumb Code     2  startup_tm4c123.o(.text)
    WTIMER5B_Handler                         0x000003d3   Thumb Code     2  startup_tm4c123.o(.text)
    FPU_Handler                              0x000003d5   Thumb Code     2  startup_tm4c123.o(.text)
    I2C4_Handler                             0x000003d7   Thumb Code     2  startup_tm4c123.o(.text)
    I2C5_Handler                             0x000003d9   Thumb Code     2  startup_tm4c123.o(.text)
    GPIOM_Handler                            0x000003db   Thumb Code     2  startup_tm4c123.o(.text)
    GPION_Handler                            0x000003dd   Thumb Code     2  startup_tm4c123.o(.text)
    QEI2_Handler                             0x000003df   Thumb Code     2  startup_tm4c123.o(.text)
    GPIOP0_Handler                           0x000003e1   Thumb Code     2  startup_tm4c123.o(.text)
    GPIOP1_Handler                           0x000003e3   Thumb Code     2  startup_tm4c123.o(.text)
    GPIOP2_Handler                           0x000003e5   Thumb Code     2  startup_tm4c123.o(.text)
    GPIOP3_Handler                           0x000003e7   Thumb Code     2  startup_tm4c123.o(.text)
    GPIOP4_Handler                           0x000003e9   Thumb Code     2  startup_tm4c123.o(.text)
    GPIOP5_Handler                           0x000003eb   Thumb Code     2  startup_tm4c123.o(.text)
    GPIOP6_Handler                           0x000003ed   Thumb Code     2  startup_tm4c123.o(.text)
    GPIOP7_Handler                           0x000003ef   Thumb Code     2  startup_tm4c123.o(.text)
    GPIOQ0_Handler                           0x000003f1   Thumb Code     2  startup_tm4c123.o(.text)
    GPIOQ1_Handler                           0x000003f3   Thumb Code     2  startup_tm4c123.o(.text)
    GPIOQ2_Handler                           0x000003f5   Thumb Code     2  startup_tm4c123.o(.text)
    GPIOQ3_Handler                           0x000003f7   Thumb Code     2  startup_tm4c123.o(.text)
    GPIOQ4_Handler                           0x000003f9   Thumb Code     2  startup_tm4c123.o(.text)
    GPIOQ5_Handler                           0x000003fb   Thumb Code     2  startup_tm4c123.o(.text)
    GPIOQ6_Handler                           0x000003fd   Thumb Code     2  startup_tm4c123.o(.text)
    GPIOQ7_Handler                           0x000003ff   Thumb Code     2  startup_tm4c123.o(.text)
    GPIOR_Handler                            0x00000401   Thumb Code     2  startup_tm4c123.o(.text)
    GPIOS_Handler                            0x00000403   Thumb Code     2  startup_tm4c123.o(.text)
    PMW1_0_Handler                           0x00000405   Thumb Code     2  startup_tm4c123.o(.text)
    PWM1_1_Handler                           0x00000407   Thumb Code     2  startup_tm4c123.o(.text)
    PWM1_2_Handler                           0x00000409   Thumb Code     2  startup_tm4c123.o(.text)
    PWM1_3_Handler                           0x0000040b   Thumb Code     2  startup_tm4c123.o(.text)
    PWM1_FAULT_Handler                       0x0000040d   Thumb Code     2  startup_tm4c123.o(.text)
    __user_initial_stackheap                 0x00000411   Thumb Code     0  startup_tm4c123.o(.text)
    __rt_ctype_table                         0x00000431   Thumb Code    16  rt_ctype_table.o(.text)
    strchr                                   0x00000441   Thumb Code    20  strchr.o(.text)
    strlen                                   0x00000455   Thumb Code    62  strlen.o(.text)
    strncpy                                  0x00000493   Thumb Code    86  strncpy.o(.text)
    __use_two_region_memory                  0x000004e9   Thumb Code     2  heapauxi.o(.text)
    __rt_heap_escrow$2region                 0x000004eb   Thumb Code     2  heapauxi.o(.text)
    __rt_heap_expand$2region                 0x000004ed   Thumb Code     2  heapauxi.o(.text)
    __rt_locale                              0x000004f1   Thumb Code     8  rt_locale_intlibspace.o(.text)
    __aeabi_memclr                           0x000004f9   Thumb Code     0  rt_memclr.o(.text)
    __rt_memclr                              0x000004f9   Thumb Code    68  rt_memclr.o(.text)
    _memset                                  0x000004fd   Thumb Code     0  rt_memclr.o(.text)
    __user_libspace                          0x0000053d   Thumb Code     8  libspace.o(.text)
    __user_perproc_libspace                  0x0000053d   Thumb Code     0  libspace.o(.text)
    __user_perthread_libspace                0x0000053d   Thumb Code     0  libspace.o(.text)
    __aeabi_memclr4                          0x00000545   Thumb Code     0  rt_memclr_w.o(.text)
    __aeabi_memclr8                          0x00000545   Thumb Code     0  rt_memclr_w.o(.text)
    __rt_memclr_w                            0x00000545   Thumb Code    78  rt_memclr_w.o(.text)
    _memset_w                                0x00000549   Thumb Code     0  rt_memclr_w.o(.text)
    strcmp                                   0x00000595   Thumb Code   128  strcmpv7m.o(.text)
    __user_setup_stackheap                   0x00000615   Thumb Code    74  sys_stackheap_outer.o(.text)
    exit                                     0x0000065f   Thumb Code    12  exit.o(.text)
    _sys_exit                                0x0000066d   Thumb Code     8  sys_exit.o(.text)
    __I$use$semihosting                      0x00000679   Thumb Code     0  use_no_semi.o(.text)
    __use_no_semihosting_swi                 0x00000679   Thumb Code     2  use_no_semi.o(.text)
    __semihosting_library_function           0x0000067b   Thumb Code     0  indicate_semi.o(.text)
    Calc_GetLine0                            0x00000d49   Thumb Code     4  calc.o(i.Calc_GetLine0)
    Calc_GetLine1                            0x00000d51   Thumb Code     4  calc.o(i.Calc_GetLine1)
    Calc_Init                                0x00000d59   Thumb Code    82  calc.o(i.Calc_Init)
    Calc_ProcessKey                          0x00000ded   Thumb Code   234  calc.o(i.Calc_ProcessKey)
    Keypad_GetKey                            0x00000fad   Thumb Code    92  keypad.o(i.Keypad_GetKey)
    Keypad_Init                              0x00001015   Thumb Code   196  keypad.o(i.Keypad_Init)
    LCD_Clear                                0x0000118d   Thumb Code    10  lcd.o(i.LCD_Clear)
    LCD_Command                              0x00001197   Thumb Code    28  lcd.o(i.LCD_Command)
    LCD_Init                                 0x00001295   Thumb Code   104  lcd.o(i.LCD_Init)
    LCD_SetCursor                            0x00001335   Thumb Code    36  lcd.o(i.LCD_SetCursor)
    LCD_WriteChar                            0x0000135d   Thumb Code    14  lcd.o(i.LCD_WriteChar)
    LCD_WriteString                          0x00001391   Thumb Code    22  lcd.o(i.LCD_WriteString)
    SystemInit                               0x0000142d   Thumb Code    14  system_tm4c123.o(i.SystemInit)
    main                                     0x00001441   Thumb Code   136  main.o(i.main)
    _get_lc_ctype                            0x000014dd   Thumb Code    44  lc_ctype_c.o(locale$$code)
    __aeabi_dneg                             0x00001509   Thumb Code     0  basic.o(x$fpl$basic)
    _dneg                                    0x00001509   Thumb Code     6  basic.o(x$fpl$basic)
    __aeabi_fneg                             0x0000150f   Thumb Code     0  basic.o(x$fpl$basic)
    _fneg                                    0x0000150f   Thumb Code     6  basic.o(x$fpl$basic)
    _dabs                                    0x00001515   Thumb Code     6  basic.o(x$fpl$basic)
    _fabs                                    0x0000151b   Thumb Code     6  basic.o(x$fpl$basic)
    __aeabi_dadd                             0x00001521   Thumb Code     0  daddsub_clz.o(x$fpl$dadd)
    _dadd                                    0x00001521   Thumb Code   332  daddsub_clz.o(x$fpl$dadd)
    __fpl_dcmp_Inf                           0x00001671   Thumb Code    24  dcmpi.o(x$fpl$dcmpinf)
    __aeabi_ddiv                             0x00001689   Thumb Code     0  ddiv.o(x$fpl$ddiv)
    _ddiv                                    0x00001689   Thumb Code   552  ddiv.o(x$fpl$ddiv)
    __aeabi_cdcmpeq                          0x00001939   Thumb Code     0  deqf.o(x$fpl$deqf)
    _dcmpeq                                  0x00001939   Thumb Code   120  deqf.o(x$fpl$deqf)
    __aeabi_d2iz                             0x000019b1   Thumb Code     0  dfix.o(x$fpl$dfix)
    _dfix                                    0x000019b1   Thumb Code    94  dfix.o(x$fpl$dfix)
    __aeabi_i2d                              0x00001a0f   Thumb Code     0  dflt_clz.o(x$fpl$dflt)
    _dflt                                    0x00001a0f   Thumb Code    46  dflt_clz.o(x$fpl$dflt)
    __aeabi_cdcmple                          0x00001a3d   Thumb Code     0  dleqf.o(x$fpl$dleqf)
    _dcmple                                  0x00001a3d   Thumb Code   120  dleqf.o(x$fpl$dleqf)
    __fpl_dcmple_InfNaN                      0x00001a9f   Thumb Code     0  dleqf.o(x$fpl$dleqf)
    __aeabi_dmul                             0x00001ab5   Thumb Code     0  dmul.o(x$fpl$dmul)
    _dmul                                    0x00001ab5   Thumb Code   332  dmul.o(x$fpl$dmul)
    __fpl_dnaninf                            0x00001c09   Thumb Code   156  dnaninf.o(x$fpl$dnaninf)
    __fpl_dretinf                            0x00001ca5   Thumb Code    12  dretinf.o(x$fpl$dretinf)
    __aeabi_drsub                            0x00001cb1   Thumb Code     0  daddsub_clz.o(x$fpl$drsb)
    _drsb                                    0x00001cb1   Thumb Code    22  daddsub_clz.o(x$fpl$drsb)
    __aeabi_dsub                             0x00001cc9   Thumb Code     0  daddsub_clz.o(x$fpl$dsub)
    _dsub                                    0x00001cc9   Thumb Code   464  daddsub_clz.o(x$fpl$dsub)
    _fp_init                                 0x00001e9d   Thumb Code    10  fpinit.o(x$fpl$fpinit)
    __fplib_config_fpu_vfp                   0x00001ea5   Thumb Code     0  fpinit.o(x$fpl$fpinit)
    __fplib_config_pureend_doubles           0x00001ea5   Thumb Code     0  fpinit.o(x$fpl$fpinit)
    __I$use$fp                               0x00001ea6   Number         0  usenofp.o(x$fpl$usenofp)
    Region$$Table$$Base                      0x00001ebc   Number         0  anon$$obj.o(Region$$Table)
    Region$$Table$$Limit                     0x00001edc   Number         0  anon$$obj.o(Region$$Table)
    __ctype                                  0x00001ee9   Data           0  lc_ctype_c.o(locale$$data)
    __libspace_start                         0x20000068   Data          96  libspace.o(.bss)
    __temporary_stack_top$libspace           0x200000c8   Data           0  libspace.o(.bss)



==============================================================================

Memory Map of the image

  Image Entry point : 0x0000026d

  Load Region LR_IROM1 (Base: 0x00000000, Size: 0x00002020, Max: 0x00040000, ABSOLUTE)

    Execution Region ER_IROM1 (Base: 0x00000000, Size: 0x00001fec, Max: 0x00040000, ABSOLUTE)

    Base Addr    Size         Type   Attr      Idx    E Section Name        Object

    0x00000000   0x0000026c   Data   RO          263    RESET               startup_tm4c123.o
    0x0000026c   0x00000008   Code   RO          341  * !!!main             c_w.l(__main.o)
    0x00000274   0x00000034   Code   RO          546    !!!scatter          c_w.l(__scatter.o)
    0x000002a8   0x0000001a   Code   RO          548    !!handler_copy      c_w.l(__scatter_copy.o)
    0x000002c2   0x00000002   PAD
    0x000002c4   0x0000001c   Code   RO          550    !!handler_zi        c_w.l(__scatter_zi.o)
    0x000002e0   0x00000002   Code   RO          467    .ARM.Collect$$libinit$$00000000  c_w.l(libinit.o)
    0x000002e2   0x00000004   Code   RO          411    .ARM.Collect$$libinit$$00000001  c_w.l(libinit2.o)
    0x000002e6   0x00000000   Code   RO          414    .ARM.Collect$$libinit$$00000004  c_w.l(libinit2.o)
    0x000002e6   0x00000000   Code   RO          417    .ARM.Collect$$libinit$$0000000A  c_w.l(libinit2.o)
    0x000002e6   0x00000000   Code   RO          419    .ARM.Collect$$libinit$$0000000C  c_w.l(libinit2.o)
    0x000002e6   0x00000000   Code   RO          421    .ARM.Collect$$libinit$$0000000E  c_w.l(libinit2.o)
    0x000002e6   0x00000006   Code   RO          422    .ARM.Collect$$libinit$$0000000F  c_w.l(libinit2.o)
    0x000002ec   0x00000000   Code   RO          424    .ARM.Collect$$libinit$$00000011  c_w.l(libinit2.o)
    0x000002ec   0x0000000c   Code   RO          425    .ARM.Collect$$libinit$$00000012  c_w.l(libinit2.o)
    0x000002f8   0x00000000   Code   RO          426    .ARM.Collect$$libinit$$00000013  c_w.l(libinit2.o)
    0x000002f8   0x00000000   Code   RO          428    .ARM.Collect$$libinit$$00000015  c_w.l(libinit2.o)
    0x000002f8   0x00000000   Code   RO          430    .ARM.Collect$$libinit$$00000017  c_w.l(libinit2.o)
    0x000002f8   0x00000000   Code   RO          432    .ARM.Collect$$libinit$$00000019  c_w.l(libinit2.o)
    0x000002f8   0x00000000   Code   RO          434    .ARM.Collect$$libinit$$0000001B  c_w.l(libinit2.o)
    0x000002f8   0x00000000   Code   RO          436    .ARM.Collect$$libinit$$0000001D  c_w.l(libinit2.o)
    0x000002f8   0x00000000   Code   RO          438    .ARM.Collect$$libinit$$0000001F  c_w.l(libinit2.o)
    0x000002f8   0x00000000   Code   RO          440    .ARM.Collect$$libinit$$00000021  c_w.l(libinit2.o)
    0x000002f8   0x00000000   Code   RO          442    .ARM.Collect$$libinit$$00000023  c_w.l(libinit2.o)
    0x000002f8   0x00000000   Code   RO          444    .ARM.Collect$$libinit$$00000025  c_w.l(libinit2.o)
    0x000002f8   0x00000000   Code   RO          448    .ARM.Collect$$libinit$$0000002C  c_w.l(libinit2.o)
    0x000002f8   0x00000000   Code   RO          450    .ARM.Collect$$libinit$$0000002E  c_w.l(libinit2.o)
    0x000002f8   0x00000000   Code   RO          452    .ARM.Collect$$libinit$$00000030  c_w.l(libinit2.o)
    0x000002f8   0x00000000   Code   RO          454    .ARM.Collect$$libinit$$00000032  c_w.l(libinit2.o)
    0x000002f8   0x00000002   Code   RO          455    .ARM.Collect$$libinit$$00000033  c_w.l(libinit2.o)
    0x000002fa   0x00000002   Code   RO          504    .ARM.Collect$$libshutdown$$00000000  c_w.l(libshutdown.o)
    0x000002fc   0x00000000   Code   RO          511    .ARM.Collect$$libshutdown$$00000003  c_w.l(libshutdown2.o)
    0x000002fc   0x00000000   Code   RO          514    .ARM.Collect$$libshutdown$$00000006  c_w.l(libshutdown2.o)
    0x000002fc   0x00000000   Code   RO          517    .ARM.Collect$$libshutdown$$00000009  c_w.l(libshutdown2.o)
    0x000002fc   0x00000000   Code   RO          519    .ARM.Collect$$libshutdown$$0000000B  c_w.l(libshutdown2.o)
    0x000002fc   0x00000000   Code   RO          522    .ARM.Collect$$libshutdown$$0000000E  c_w.l(libshutdown2.o)
    0x000002fc   0x00000002   Code   RO          523    .ARM.Collect$$libshutdown$$0000000F  c_w.l(libshutdown2.o)
    0x000002fe   0x00000000   Code   RO          371    .ARM.Collect$$rtentry$$00000000  c_w.l(__rtentry.o)
    0x000002fe   0x00000000   Code   RO          393    .ARM.Collect$$rtentry$$00000002  c_w.l(__rtentry2.o)
    0x000002fe   0x00000006   Code   RO          405    .ARM.Collect$$rtentry$$00000004  c_w.l(__rtentry4.o)
    0x00000304   0x00000000   Code   RO          395    .ARM.Collect$$rtentry$$00000009  c_w.l(__rtentry2.o)
    0x00000304   0x00000004   Code   RO          396    .ARM.Collect$$rtentry$$0000000A  c_w.l(__rtentry2.o)
    0x00000308   0x00000000   Code   RO          398    .ARM.Collect$$rtentry$$0000000C  c_w.l(__rtentry2.o)
    0x00000308   0x00000008   Code   RO          399    .ARM.Collect$$rtentry$$0000000D  c_w.l(__rtentry2.o)
    0x00000310   0x00000002   Code   RO          470    .ARM.Collect$$rtexit$$00000000  c_w.l(rtexit.o)
    0x00000312   0x00000000   Code   RO          479    .ARM.Collect$$rtexit$$00000002  c_w.l(rtexit2.o)
    0x00000312   0x00000004   Code   RO          480    .ARM.Collect$$rtexit$$00000003  c_w.l(rtexit2.o)
    0x00000316   0x00000006   Code   RO          481    .ARM.Collect$$rtexit$$00000004  c_w.l(rtexit2.o)
    0x0000031c   0x00000114   Code   RO          264    .text               startup_tm4c123.o
    0x00000430   0x00000010   Code   RO          331    .text               c_w.l(rt_ctype_table.o)
    0x00000440   0x00000014   Code   RO          333    .text               c_w.l(strchr.o)
    0x00000454   0x0000003e   Code   RO          335    .text               c_w.l(strlen.o)
    0x00000492   0x00000056   Code   RO          337    .text               c_w.l(strncpy.o)
    0x000004e8   0x00000006   Code   RO          339    .text               c_w.l(heapauxi.o)
    0x000004ee   0x00000002   PAD
    0x000004f0   0x00000008   Code   RO          375    .text               c_w.l(rt_locale_intlibspace.o)
    0x000004f8   0x00000044   Code   RO          380    .text               c_w.l(rt_memclr.o)
    0x0000053c   0x00000008   Code   RO          389    .text               c_w.l(libspace.o)
    0x00000544   0x0000004e   Code   RO          407    .text               c_w.l(rt_memclr_w.o)
    0x00000592   0x00000002   PAD
    0x00000594   0x00000080   Code   RO          409    .text               c_w.l(strcmpv7m.o)
    0x00000614   0x0000004a   Code   RO          456    .text               c_w.l(sys_stackheap_outer.o)
    0x0000065e   0x0000000c   Code   RO          458    .text               c_w.l(exit.o)
    0x0000066a   0x00000002   PAD
    0x0000066c   0x0000000c   Code   RO          491    .text               c_w.l(sys_exit.o)
    0x00000678   0x00000002   Code   RO          493    .text               c_w.l(use_no_semi.o)
    0x0000067a   0x00000000   Code   RO          495    .text               c_w.l(indicate_semi.o)
    0x0000067a   0x00000002   PAD
    0x0000067c   0x00000064   Code   RO          176    i.CALC_AppendChar   calc.o
    0x000006e0   0x0000000c   Code   RO          177    i.CALC_ClearCurrent  calc.o
    0x000006ec   0x000000cc   Code   RO          178    i.CALC_DoBinary     calc.o
    0x000007b8   0x0000018c   Code   RO          179    i.CALC_FormatNumber  calc.o
    0x00000944   0x00000094   Code   RO          180    i.CALC_HandleEndInput  calc.o
    0x000009d8   0x000000bc   Code   RO          181    i.CALC_HandleOperator  calc.o
    0x00000a94   0x00000144   Code   RO          182    i.CALC_ParseNumber  calc.o
    0x00000bd8   0x00000150   Code   RO          183    i.CALC_RebuildDisplay  calc.o
    0x00000d28   0x00000020   Code   RO          184    i.CALC_Rubout       calc.o
    0x00000d48   0x00000008   Code   RO          185    i.Calc_GetLine0     calc.o
    0x00000d50   0x00000008   Code   RO          186    i.Calc_GetLine1     calc.o
    0x00000d58   0x00000094   Code   RO          187    i.Calc_Init         calc.o
    0x00000dec   0x00000110   Code   RO          188    i.Calc_ProcessKey   calc.o
    0x00000efc   0x00000032   Code   RO           51    i.DelayCycles       lcd.o
    0x00000f2e   0x00000018   Code   RO           52    i.DelayMs           lcd.o
    0x00000f46   0x00000044   Code   RO           53    i.DelayUs           lcd.o
    0x00000f8a   0x00000020   Code   RO          139    i.DelayUs           keypad.o
    0x00000faa   0x00000002   PAD
    0x00000fac   0x00000068   Code   RO          140    i.Keypad_GetKey     keypad.o
    0x00001014   0x000000e0   Code   RO          141    i.Keypad_Init       keypad.o
    0x000010f4   0x00000098   Code   RO          142    i.Keypad_ScanRaw    keypad.o
    0x0000118c   0x0000000a   Code   RO           54    i.LCD_Clear         lcd.o
    0x00001196   0x0000001c   Code   RO           55    i.LCD_Command       lcd.o
    0x000011b2   0x00000002   PAD
    0x000011b4   0x000000e0   Code   RO           56    i.LCD_GPIO_Init     lcd.o
    0x00001294   0x00000068   Code   RO           57    i.LCD_Init          lcd.o
    0x000012fc   0x00000038   Code   RO           58    i.LCD_PulseEnable   lcd.o
    0x00001334   0x00000028   Code   RO           59    i.LCD_SetCursor     lcd.o
    0x0000135c   0x0000000e   Code   RO           60    i.LCD_WriteChar     lcd.o
    0x0000136a   0x00000002   PAD
    0x0000136c   0x00000024   Code   RO           61    i.LCD_WriteNibbleToPortB  lcd.o
    0x00001390   0x00000016   Code   RO           62    i.LCD_WriteString   lcd.o
    0x000013a6   0x00000020   Code   RO           63    i.SendDisplayByte   lcd.o
    0x000013c6   0x00000002   PAD
    0x000013c8   0x0000004c   Code   RO           64    i.SendDisplayNibble  lcd.o
    0x00001414   0x00000018   Code   RO           65    i.SysTick_Init_NoInt  lcd.o
    0x0000142c   0x00000014   Code   RO          273    i.SystemInit        system_tm4c123.o
    0x00001440   0x0000009c   Code   RO            1    i.main              main.o
    0x000014dc   0x0000002c   Code   RO          378    locale$$code        c_w.l(lc_ctype_c.o)
    0x00001508   0x00000018   Code   RO          343    x$fpl$basic         fz_wm.l(basic.o)
    0x00001520   0x00000150   Code   RO          345    x$fpl$dadd          fz_wm.l(daddsub_clz.o)
    0x00001670   0x00000018   Code   RO          382    x$fpl$dcmpinf       fz_wm.l(dcmpi.o)
    0x00001688   0x000002b0   Code   RO          352    x$fpl$ddiv          fz_wm.l(ddiv.o)
    0x00001938   0x00000078   Code   RO          355    x$fpl$deqf          fz_wm.l(deqf.o)
    0x000019b0   0x0000005e   Code   RO          357    x$fpl$dfix          fz_wm.l(dfix.o)
    0x00001a0e   0x0000002e   Code   RO          362    x$fpl$dflt          fz_wm.l(dflt_clz.o)
    0x00001a3c   0x00000078   Code   RO          367    x$fpl$dleqf         fz_wm.l(dleqf.o)
    0x00001ab4   0x00000154   Code   RO          369    x$fpl$dmul          fz_wm.l(dmul.o)
    0x00001c08   0x0000009c   Code   RO          384    x$fpl$dnaninf       fz_wm.l(dnaninf.o)
    0x00001ca4   0x0000000c   Code   RO          386    x$fpl$dretinf       fz_wm.l(dretinf.o)
    0x00001cb0   0x00000016   Code   RO          346    x$fpl$drsb          fz_wm.l(daddsub_clz.o)
    0x00001cc6   0x00000002   PAD
    0x00001cc8   0x000001d4   Code   RO          347    x$fpl$dsub          fz_wm.l(daddsub_clz.o)
    0x00001e9c   0x0000000a   Code   RO          468    x$fpl$fpinit        fz_wm.l(fpinit.o)
    0x00001ea6   0x00000000   Code   RO          388    x$fpl$usenofp       fz_wm.l(usenofp.o)
    0x00001ea6   0x00000004   Data   RO           66    .constdata          lcd.o
    0x00001eaa   0x00000010   Data   RO          144    .constdata          keypad.o
    0x00001eba   0x00000002   PAD
    0x00001ebc   0x00000020   Data   RO          544    Region$$Table       anon$$obj.o
    0x00001edc   0x00000110   Data   RO          377    locale$$data        c_w.l(lc_ctype_c.o)


    Execution Region RW_IRAM1 (Base: 0x20000000, Size: 0x000002c8, Max: 0x00008000, ABSOLUTE)

    Base Addr    Size         Type   Attr      Idx    E Section Name        Object

    0x20000000   0x00000003   Data   RW          145    .data               keypad.o
    0x20000003   0x00000005   PAD
    0x20000008   0x0000002c   Data   RW          190    .data               calc.o
    0x20000034   0x00000033   Zero   RW          189    .bss                calc.o
    0x20000067   0x00000001   PAD
    0x20000068   0x00000060   Zero   RW          390    .bss                c_w.l(libspace.o)
    0x200000c8   0x00000000   Zero   RW          262    HEAP                startup_tm4c123.o
    0x200000c8   0x00000200   Zero   RW          261    STACK               startup_tm4c123.o


==============================================================================

Image component sizes


      Code (inc. data)   RO Data    RW Data    ZI Data      Debug   Object Name

      2176        318          0         44         51       8906   calc.o
       512         58         16          3          0       3702   keypad.o
       808         52          4          0          0       8619   lcd.o
       156         20          0          0          0       5071   main.o
       276         24        620          0        512       5480   startup_tm4c123.o
        20          6          0          0          0        489   system_tm4c123.o

    ----------------------------------------------------------------------
      3956        478        674         52        564      32267   Object Totals
         0          0         32          0          0          0   (incl. Generated)
         8          0          2          5          1          0   (incl. Padding)

    ----------------------------------------------------------------------

      Code (inc. data)   RO Data    RW Data    ZI Data      Debug   Library Member Name

         8          0          0          0          0         68   __main.o
         0          0          0          0          0          0   __rtentry.o
        12          0          0          0          0          0   __rtentry2.o
         6          0          0          0          0          0   __rtentry4.o
        52          8          0          0          0          0   __scatter.o
        26          0          0          0          0          0   __scatter_copy.o
        28          0          0          0          0          0   __scatter_zi.o
        12          0          0          0          0         72   exit.o
         6          0          0          0          0        152   heapauxi.o
         0          0          0          0          0          0   indicate_semi.o
        44         10        272          0          0         76   lc_ctype_c.o
         2          0          0          0          0          0   libinit.o
        24          0          0          0          0          0   libinit2.o
         2          0          0          0          0          0   libshutdown.o
         2          0          0          0          0          0   libshutdown2.o
         8          4          0          0         96         68   libspace.o
        16          4          0          0          0         76   rt_ctype_table.o
         8          4          0          0          0         68   rt_locale_intlibspace.o
        68          0          0          0          0         68   rt_memclr.o
        78          0          0          0          0         80   rt_memclr_w.o
         2          0          0          0          0          0   rtexit.o
        10          0          0          0          0          0   rtexit2.o
        20          0          0          0          0         68   strchr.o
       128          0          0          0          0         68   strcmpv7m.o
        62          0          0          0          0         76   strlen.o
        86          0          0          0          0         76   strncpy.o
        12          4          0          0          0         68   sys_exit.o
        74          0          0          0          0         80   sys_stackheap_outer.o
         2          0          0          0          0         68   use_no_semi.o
        24          0          0          0          0        164   basic.o
       826         16          0          0          0        492   daddsub_clz.o
        24          0          0          0          0        116   dcmpi.o
       688        140          0          0          0        256   ddiv.o
       120          4          0          0          0        140   deqf.o
        94          4          0          0          0        140   dfix.o
        46          0          0          0          0        116   dflt_clz.o
       120          4          0          0          0        140   dleqf.o
       340         12          0          0          0        152   dmul.o
       156          4          0          0          0        140   dnaninf.o
        12          0          0          0          0        116   dretinf.o
        10          0          0          0          0        116   fpinit.o
         0          0          0          0          0          0   usenofp.o

    ----------------------------------------------------------------------
      3270        218        272          0         96       3320   Library Totals
        12          0          0          0          0          0   (incl. Padding)

    ----------------------------------------------------------------------

      Code (inc. data)   RO Data    RW Data    ZI Data      Debug   Library Name

       798         34        272          0         96       1232   c_w.l
      2460        184          0          0          0       2088   fz_wm.l

    ----------------------------------------------------------------------
      3270        218        272          0         96       3320   Library Totals

    ----------------------------------------------------------------------

==============================================================================


      Code (inc. data)   RO Data    RW Data    ZI Data      Debug   

      7226        696        946         52        660      30563   Grand Totals
      7226        696        946         52        660      30563   ELF Image Totals
      7226        696        946         52          0          0   ROM Totals

==============================================================================

    Total RO  Size (Code + RO Data)                 8172 (   7.98kB)
    Total RW  Size (RW Data + ZI Data)               712 (   0.70kB)
    Total ROM Size (Code + RO Data + RW Data)       8224 (   8.03kB)

==============================================================================

